---
source: crates/biome_markdown_analyze/tests/spec_tests.rs
expression: invalid.md
---
# Input
```md
<Component zebra="1" alpha="2" />

<Button label="Click" disabled />

```

# Diagnostics
```
invalid.md:1:22 lint/nursery/useSortedMdxJsxAttributes ━━━━━━━━━━━━━━━━━━━━━━━━━━━━━━━━━━━━━━━━━━━━━

  ! Attribute "alpha" should come before "zebra".
  
  > 1 │ <Component zebra="1" alpha="2" />
      │                      ^^^^^^^^^
    2 │ 
    3 │ <Button label="Click" disabled />
  
  i Sort JSX attributes alphabetically.
  
  i This rule belongs to the nursery group, which means it is not yet stable and may change in the future. Visit https://biomejs.dev/linter/#nursery for more information.
  

```

```
invalid.md:3:23 lint/nursery/useSortedMdxJsxAttributes ━━━━━━━━━━━━━━━━━━━━━━━━━━━━━━━━━━━━━━━━━━━━━

  ! Attribute "disabled" should come before "label".
  
    1 │ <Component zebra="1" alpha="2" />
    2 │ 
  > 3 │ <Button label="Click" disabled />
      │                       ^^^^^^^^
    4 │ 
  
  i Sort JSX attributes alphabetically.
  
  i This rule belongs to the nursery group, which means it is not yet stable and may change in the future. Visit https://biomejs.dev/linter/#nursery for more information.
  

```
