---
source: crates/biome_formatter_test/src/snapshot_builder.rs
info: yaml/scalar/literal_block.yaml
---

# Input

```yaml
content: |
  This is a literal block scalar.
  It preserves newlines.

  Including blank lines.

```


=============================

# Outputs

## Output 1

-----
Indent style: Space
Indent width: 2
Line ending: LF
Line width: 80
Quote style: Double Quotes
Expand: Auto
-----

```yaml
content: |
  This is a literal block scalar.
  It preserves newlines.

  Including blank lines.
```
