---
source: crates/biome_markdown_analyze/tests/spec_tests.rs
expression: invalid.md
---
# Input
```md
Some text before any heading.

# Title

```

# Diagnostics
```
invalid.md:1:1 lint/style/useFirstLineHeading ━━━━━━━━━━━━━━━━━━━━━━━━━━━━━━━━━━━━━━━━━━━━━━━━━━━━━━

  ! First content should be a heading.
  
  > 1 │ Some text before any heading.
      │ ^^^^^^^^^^^^^^^^^^^^^^^^^^^^^
    2 │ 
    3 │ # Title
  
  i Add a level 1 heading as the first content.
  

```
