---
source: crates/biome_markdown_analyze/tests/spec_tests.rs
expression: invalid.md
---
# Input
```md
Some text.
# Heading without blank line

```

# Diagnostics
```
invalid.md:2:1 lint/style/useBlanksBeforeBlockContent  FIXABLE  ━━━━━━━━━━━━━━━━━━━━━━━━━━━━━━━━━━━━

  ! Missing blank line before heading.
  
    1 │ Some text.
  > 2 │ # Heading without blank line
      │ ^^^^^^^^^^^^^^^^^^^^^^^^^^^^
    3 │ 
  
  i Add a blank line before block-level content.
  
  i Safe fix: Insert blank line before heading.
  
    1 1 │   Some text.
    2   │ - #·Heading·without·blank·line
      2 │ + 
      3 │ + #·Heading·without·blank·line
    3 4 │   
  

```
