---
source: crates/biome_markdown_analyze/tests/spec_tests.rs
expression: my~file.md
---
# Input
```md
# Heading

```

# Diagnostics
```
my~file.md:1:1 lint/style/noFileNameIrregularCharacters ━━━━━━━━━━━━━━━━━━━━━━━━━━━━━━━━━━━━━━━━━━━━

  ! File name contains an irregular character: '~'.
  
  > 1 │ # Heading
      │ ^^^^^^^^^
    2 │ 
  
  i Use only alphanumeric characters, dashes, dots, and underscores in file names.
  

```
