---
source: crates/biome_formatter_test/src/snapshot_builder.rs
info: md/thematic_break/normalize.md
---

# Input

```md
***

___

- - -

```


=============================

# Outputs

## Output 1

-----
Indent style: Tab
Indent width: 2
Line ending: LF
Line width: 80
-----

```md
---

---

---
```
