---
source: crates/biome_markdown_analyze/tests/spec_tests.rs
expression: invalid.md
---
# Input
```md
(click here)[https://example.com]

```

# Diagnostics
```
invalid.md:1:1 lint/correctness/noReversedLinks ━━━━━━━━━━━━━━━━━━━━━━━━━━━━━━━━━━━━━━━━━━━━━━━━━━━━

  ! Reversed link syntax detected. Use [text](url) instead of (text)[url].
  
  > 1 │ (click here)[https://example.com]
      │ ^^^^^^^^^^^^^^^^^^^^^^^^^^^^^^^^^
    2 │ 
  
  i Swap the parentheses and brackets to fix the link syntax.
  

```
