---
source: crates/biome_formatter_test/src/snapshot_builder.rs
info: turtle/prefix_declaration.ttl
---

# Input

```ttl
@prefix rdf: <http://www.w3.org/1999/02/22-rdf-syntax-ns#> .
@prefix rdfs: <http://www.w3.org/2000/01/rdf-schema#> .
@prefix foaf: <http://xmlns.com/foaf/0.1/> .
@base <http://example.org/> .

@prefix  ex:   <http://example.org/>   .

<alice> a foaf:Person .

```


=============================

# Outputs

## Output 1

-----
Indent style: Tab
Indent width: 2
Line ending: LF
Line width: 80
Quote style: Double Quotes
First predicate in new line: true
-----

```ttl
@prefix rdf: <http://www.w3.org/1999/02/22-rdf-syntax-ns#> .
@prefix rdfs: <http://www.w3.org/2000/01/rdf-schema#> .
@prefix foaf: <http://xmlns.com/foaf/0.1/> .
@base <http://example.org/> .

@prefix ex: <http://example.org/> .

<alice>
	a foaf:Person .
```
