---
source: crates/biome_yaml_analyze/tests/spec_tests.rs
expression: valid.yaml
---
# Input
```yaml
# should not generate diagnostics
# Unique anchors
first: &anchor1 value1
second: &anchor2 value2

# Nested mappings with unique anchors
parent:
  child1: &nested1 val1
  child2: &nested2 val2

# Flow context unique anchors
flow_map: &flow1 {a: 1}
flow_seq: &flow2 [1, 2, 3]

# Deep nesting unique anchors
level1:
  level2:
    level3: &deep1 value
    other: &deep2 other_value

```
