---
source: crates/biome_markdown_analyze/tests/spec_tests.rs
expression: invalid.md
---
# Input
```md
# Full Reference Links

See [link][link] for details.

[link]: https://example.com

```

# Diagnostics
```
invalid.md:3:5 lint/style/noUnneededFullReferenceLink ━━━━━━━━━━━━━━━━━━━━━━━━━━━━━━━━━━━━━━━━━━━━━━

  ! Full reference link can be collapsed when text and label match.
  
    1 │ # Full Reference Links
    2 │ 
  > 3 │ See [link][link] for details.
      │     ^^^^^^^^^^^^
    4 │ 
    5 │ [link]: https://example.com
  
  i Use [text][] instead of [text][text].
  

```
