---
source: crates/biome_markdown_analyze/tests/spec_tests.rs
expression: invalid.md
---
# Input
```md
# Full Reference Links

See [link][link] for details.

[link]: https://example.com

```

# Diagnostics
```
invalid.md:3:5 lint/style/noUnneededFullReferenceLink  FIXABLE  ━━━━━━━━━━━━━━━━━━━━━━━━━━━━━━━━━━━━

  ! Full reference link can be collapsed when text and label match.
  
    1 │ # Full Reference Links
    2 │ 
  > 3 │ See [link][link] for details.
      │     ^^^^^^^^^^^^
    4 │ 
    5 │ [link]: https://example.com
  
  i Use [text][] instead of [text][text].
  
  i Safe fix: Collapse to short reference link.
  
    1 1 │   # Full Reference Links
    2 2 │   
    3   │ - See·[link][link]·for·details.
      3 │ + See·[link][]·for·details.
    4 4 │   
    5 5 │   [link]: https://example.com
  

```
