---
source: crates/biome_yaml_analyze/tests/spec_tests.rs
expression: invalid.yaml
---
# Input
```yaml
123: numeric key
true: boolean key

```

# Diagnostics
```
invalid.yaml:1:1 lint/style/useStringKeys ━━━━━━━━━━━━━━━━━━━━━━━━━━━━━━━━━━━━━━━━━━━━━━━━━━━━━━━━━━

  ! The key 123 is not a string. Use string keys for compatibility.
  
  > 1 │ 123: numeric key
      │ ^^^
    2 │ true: boolean key
    3 │ 
  
  i Non-string keys may cause issues when consumed by JSON or JavaScript. Quote the key or use a string value.
  

```

```
invalid.yaml:2:1 lint/style/useStringKeys ━━━━━━━━━━━━━━━━━━━━━━━━━━━━━━━━━━━━━━━━━━━━━━━━━━━━━━━━━━

  ! The key true is not a string. Use string keys for compatibility.
  
    1 │ 123: numeric key
  > 2 │ true: boolean key
      │ ^^^^
    3 │ 
  
  i Non-string keys may cause issues when consumed by JSON or JavaScript. Quote the key or use a string value.
  

```
