---
source: crates/biome_markdown_analyze/tests/spec_tests.rs
expression: invalid.md
---
# Input
```md
# Heading

***

More content.

___

```

# Diagnostics
```
invalid.md:3:1 lint/style/useConsistentHorizontalRuleStyle  FIXABLE  ━━━━━━━━━━━━━━━━━━━━━━━━━━━━━━━

  ! Horizontal rule style '***' does not match expected '---'.
  
    1 │ # Heading
    2 │ 
  > 3 │ ***
      │ ^^^
    4 │ 
    5 │ More content.
  
  i Use '---' for horizontal rules.
  
  i Safe fix: Use the consistent horizontal rule style.
  
    1 1 │   # Heading
    2 2 │   
    3   │ - ***
      3 │ + ---
    4 4 │   
    5 5 │   More content.
  

```

```
invalid.md:7:1 lint/style/useConsistentHorizontalRuleStyle  FIXABLE  ━━━━━━━━━━━━━━━━━━━━━━━━━━━━━━━

  ! Horizontal rule style '___' does not match expected '---'.
  
    5 │ More content.
    6 │ 
  > 7 │ ___
      │ ^^^
    8 │ 
  
  i Use '---' for horizontal rules.
  
  i Safe fix: Use the consistent horizontal rule style.
  
    5 5 │   More content.
    6 6 │   
    7   │ - ___
      7 │ + ---
    8 8 │   
  

```
