---
source: crates/biome_markdown_analyze/tests/spec_tests.rs
expression: invalid.md
---
# Input
```md
####### This is not a valid heading

######## Neither is this

######### Or this one

```

# Diagnostics
```
invalid.md:1:1 lint/nursery/noHeadingLikeParagraph ━━━━━━━━━━━━━━━━━━━━━━━━━━━━━━━━━━━━━━━━━━━━━━━━━

  ! Line starts with 7 '#' characters, but headings only support levels 1-6.
  
  > 1 │ ####### This is not a valid heading
      │ ^^^^^^^^^^^^^^^^^^^^^^^^^^^^^^^^^^^
    2 │ 
    3 │ ######## Neither is this
  
  i Use a heading level between 1 and 6, or remove the leading '#' characters.
  
  i This rule belongs to the nursery group, which means it is not yet stable and may change in the future. Visit https://biomejs.dev/linter/#nursery for more information.
  

```

```
invalid.md:3:1 lint/nursery/noHeadingLikeParagraph ━━━━━━━━━━━━━━━━━━━━━━━━━━━━━━━━━━━━━━━━━━━━━━━━━

  ! Line starts with 8 '#' characters, but headings only support levels 1-6.
  
    1 │ ####### This is not a valid heading
    2 │ 
  > 3 │ ######## Neither is this
      │ ^^^^^^^^^^^^^^^^^^^^^^^^
    4 │ 
    5 │ ######### Or this one
  
  i Use a heading level between 1 and 6, or remove the leading '#' characters.
  
  i This rule belongs to the nursery group, which means it is not yet stable and may change in the future. Visit https://biomejs.dev/linter/#nursery for more information.
  

```

```
invalid.md:5:1 lint/nursery/noHeadingLikeParagraph ━━━━━━━━━━━━━━━━━━━━━━━━━━━━━━━━━━━━━━━━━━━━━━━━━

  ! Line starts with 9 '#' characters, but headings only support levels 1-6.
  
    3 │ ######## Neither is this
    4 │ 
  > 5 │ ######### Or this one
      │ ^^^^^^^^^^^^^^^^^^^^^
    6 │ 
  
  i Use a heading level between 1 and 6, or remove the leading '#' characters.
  
  i This rule belongs to the nursery group, which means it is not yet stable and may change in the future. Visit https://biomejs.dev/linter/#nursery for more information.
  

```
