---
source: crates/biome_markdown_analyze/tests/spec_tests.rs
expression: invalid.md
---
# Input
```md
# javascript Guide

Use javascript for web development.

typescript adds static types to javascript.

```

# Diagnostics
```
invalid.md:1:3 lint/style/useProperNames ━━━━━━━━━━━━━━━━━━━━━━━━━━━━━━━━━━━━━━━━━━━━━━━━━━━━━━━━━━━

  ! Found "javascript" instead of "JavaScript".
  
  > 1 │ # javascript Guide
      │   ^^^^^^^^^^
    2 │ 
    3 │ Use javascript for web development.
  
  i Use the correct capitalization for proper names.
  

```

```
invalid.md:3:5 lint/style/useProperNames ━━━━━━━━━━━━━━━━━━━━━━━━━━━━━━━━━━━━━━━━━━━━━━━━━━━━━━━━━━━

  ! Found "javascript" instead of "JavaScript".
  
    1 │ # javascript Guide
    2 │ 
  > 3 │ Use javascript for web development.
      │     ^^^^^^^^^^
    4 │ 
    5 │ typescript adds static types to javascript.
  
  i Use the correct capitalization for proper names.
  

```

```
invalid.md:5:1 lint/style/useProperNames ━━━━━━━━━━━━━━━━━━━━━━━━━━━━━━━━━━━━━━━━━━━━━━━━━━━━━━━━━━━

  ! Found "typescript" instead of "TypeScript".
  
    3 │ Use javascript for web development.
    4 │ 
  > 5 │ typescript adds static types to javascript.
      │ ^^^^^^^^^^
    6 │ 
  
  i Use the correct capitalization for proper names.
  

```

```
invalid.md:5:33 lint/style/useProperNames ━━━━━━━━━━━━━━━━━━━━━━━━━━━━━━━━━━━━━━━━━━━━━━━━━━━━━━━━━━

  ! Found "javascript" instead of "JavaScript".
  
    3 │ Use javascript for web development.
    4 │ 
  > 5 │ typescript adds static types to javascript.
      │                                 ^^^^^^^^^^
    6 │ 
  
  i Use the correct capitalization for proper names.
  

```
