---
source: crates/biome_markdown_analyze/tests/spec_tests.rs
expression: valid.md
---
# Input
```md
# Consistent list indent

+ first item
+ second item
+ third item

# Nested lists at different levels

+ outer item
    + inner item at 4 spaces
    + another inner item
+ back to outer

# No lists

Just plain text.

```
