---
source: crates/biome_markdown_analyze/tests/spec_tests.rs
expression: invalid.md
---
# Input
```md
# Unsorted Definitions

[beta]: https://beta.com
[alpha]: https://alpha.com

```

# Diagnostics
```
invalid.md:4:1 lint/nursery/useSortedDefinitions ━━━━━━━━━━━━━━━━━━━━━━━━━━━━━━━━━━━━━━━━━━━━━━━━━━━

  ! Definition "alpha" should come before "beta".
  
    3 │ [beta]: https://beta.com
  > 4 │ [alpha]: https://alpha.com
      │ ^^^^^^^^^^^^^^^^^^^^^^^^^^
    5 │ 
  
  i Sort definitions alphabetically by their label.
  
  i This rule belongs to the nursery group, which means it is not yet stable and may change in the future. Visit https://biomejs.dev/linter/#nursery for more information.
  

```
