---
source: crates/biome_turtle_analyze/tests/spec_tests.rs
expression: valid.ttl
---
# Input
```turtle
@prefix xsd: <http://www.w3.org/2001/XMLSchema#> .
@prefix ex: <http://example.org/> .

ex:s ex:count "42"^^xsd:integer .
ex:s ex:flag "true"^^xsd:boolean .
ex:s ex:ratio "3.14"^^xsd:decimal .

```
