---
source: crates/biome_markdown_analyze/tests/spec_tests.rs
expression: invalid.md
---
# Input
```md
# Mismatched columns

| A | B | C |
| --- | --- | --- |
| 1 | 2 |
| 4 | 5 | 6 | 7 |

```

# Diagnostics
```
invalid.md:5:1 lint/correctness/noMismatchedTableColumnCount  FIXABLE  ━━━━━━━━━━━━━━━━━━━━━━━━━━━━━

  × Expected 3 columns but found 2.
  
    3 │ | A | B | C |
    4 │ | --- | --- | --- |
  > 5 │ | 1 | 2 |
      │ ^^^^^^^^^
    6 │ | 4 | 5 | 6 | 7 |
    7 │ 
  
  i All rows in a table should have the same number of cells.
  
  i Safe fix: Adjust the number of table cells.
  
    3 3 │   | A | B | C |
    4 4 │   | --- | --- | --- |
    5   │ - |·1·|·2·|
      5 │ + |·1·|·2·|··|
    6 6 │   | 4 | 5 | 6 | 7 |
    7 7 │   
  

```

```
invalid.md:6:1 lint/correctness/noMismatchedTableColumnCount  FIXABLE  ━━━━━━━━━━━━━━━━━━━━━━━━━━━━━

  × Expected 3 columns but found 4.
  
    4 │ | --- | --- | --- |
    5 │ | 1 | 2 |
  > 6 │ | 4 | 5 | 6 | 7 |
      │ ^^^^^^^^^^^^^^^^^
    7 │ 
  
  i All rows in a table should have the same number of cells.
  
  i Safe fix: Adjust the number of table cells.
  
    4 4 │   | --- | --- | --- |
    5 5 │   | 1 | 2 |
    6   │ - |·4·|·5·|·6·|·7·|
      6 │ + |·4·|·5·|·6·|
    7 7 │   
  

```
