---
source: crates/biome_yaml_analyze/tests/spec_tests.rs
expression: invalid.yaml
---
# Input
```yaml
key: value


other: data

```

# Diagnostics
```
invalid.yaml:3:1 lint/style/noConsecutiveBlankLines  FIXABLE  ━━━━━━━━━━━━━━━━━━━━━━━━━━━━━━━━━━━━━━

  ! Multiple consecutive blank lines are not allowed.
  
    1 │ key: value
    2 │ 
  > 3 │ 
      │ 
  > 4 │ other: data
      │ 
    5 │ 
  
  i Remove the extra blank lines. At most one blank line is allowed between content.
  
  i Safe fix: Remove extra blank lines.
  
    1 1 │   key: value
    2 2 │   
    3   │ - 
    4 3 │   other: data
    5 4 │   
  

```
