---
source: crates/biome_markdown_analyze/tests/spec_tests.rs
expression: valid.md
---
# Input
```md
# All backtick fences

```js
const x = 1;
```

```python
print("hello")
```

```
plain code block
```

# Four backtick fence

````
long fence
````

# No code fences

Just plain text with no code fences.

```
