---
source: crates/biome_markdown_analyze/tests/spec_tests.rs
expression: invalid.md
---
# Input
```md
# Code fences

Some text before.
```js
const x = 1;
```
Some text after.

```

# Diagnostics
```
invalid.md:4:1 lint/style/useBlanksAroundCodeFences ━━━━━━━━━━━━━━━━━━━━━━━━━━━━━━━━━━━━━━━━━━━━━━━━

  ! Missing blank line before code fence.
  
    3 │ Some text before.
  > 4 │ ```js
      │ ^^^^^
    5 │ const x = 1;
    6 │ ```
  
  i Add a blank line around fenced code blocks for readability.
  

```

```
invalid.md:6:1 lint/style/useBlanksAroundCodeFences ━━━━━━━━━━━━━━━━━━━━━━━━━━━━━━━━━━━━━━━━━━━━━━━━

  ! Missing blank line after code fence.
  
    4 │ ```js
    5 │ const x = 1;
  > 6 │ ```
      │ ^^^
    7 │ Some text after.
    8 │ 
  
  i Add a blank line around fenced code blocks for readability.
  

```
