---
source: crates/biome_markdown_analyze/tests/spec_tests.rs
expression: invalid.md
---
# Input
```md
# Extra space after checkbox

+ [x]  done item with extra space
+ [ ]   not done with extra spaces
+ [x] normal item

```

# Diagnostics
```
invalid.md:3:1 lint/nursery/noCheckboxContentIndent ━━━━━━━━━━━━━━━━━━━━━━━━━━━━━━━━━━━━━━━━━━━━━━━━

  ! Checkbox has 2 space(s) after brackets instead of 1.
  
    1 │ # Extra space after checkbox
    2 │ 
  > 3 │ + [x]  done item with extra space
      │ ^^^^^^^^^^^^^^^^^^^^^^^^^^^^^^^^^
    4 │ + [ ]   not done with extra spaces
    5 │ + [x] normal item
  
  i Use exactly one space between the checkbox brackets and content.
  
  i This rule belongs to the nursery group, which means it is not yet stable and may change in the future. Visit https://biomejs.dev/linter/#nursery for more information.
  

```

```
invalid.md:4:1 lint/nursery/noCheckboxContentIndent ━━━━━━━━━━━━━━━━━━━━━━━━━━━━━━━━━━━━━━━━━━━━━━━━

  ! Checkbox has 3 space(s) after brackets instead of 1.
  
    3 │ + [x]  done item with extra space
  > 4 │ + [ ]   not done with extra spaces
      │ ^^^^^^^^^^^^^^^^^^^^^^^^^^^^^^^^^^
    5 │ + [x] normal item
    6 │ 
  
  i Use exactly one space between the checkbox brackets and content.
  
  i This rule belongs to the nursery group, which means it is not yet stable and may change in the future. Visit https://biomejs.dev/linter/#nursery for more information.
  

```
