---
source: crates/biome_markdown_analyze/tests/spec_tests.rs
expression: invalid.md
---
# Input
```md
# Mixed list spacing

+ first item

+ second item with blank line before it
+ third item without blank line
+ fourth item without blank line

+ fifth item with blank line before it

```

# Diagnostics
```
invalid.md:5:40 lint/style/useConsistentListItemSpacing  FIXABLE  ━━━━━━━━━━━━━━━━━━━━━━━━━━━━━━━━━━

  ! Expected loose spacing but found compact.
  
    3 │ + first item
    4 │ 
  > 5 │ + second item with blank line before it
      │                                        
  > 6 │ + third item without blank line
      │ ^^^^^^^^^^^^^^^^^^^^^^^^^^^^^^^
    7 │ + fourth item without blank line
    8 │ 
  
  i Use consistent spacing between list items.
  
  i Safe fix: Normalize list item spacing.
  
     4  4 │   
     5  5 │   + second item with blank line before it
     6    │ - +·third·item·without·blank·line
        6 │ + 
        7 │ + +·third·item·without·blank·line
     7  8 │   + fourth item without blank line
     8  9 │   
  

```

```
invalid.md:6:32 lint/style/useConsistentListItemSpacing  FIXABLE  ━━━━━━━━━━━━━━━━━━━━━━━━━━━━━━━━━━

  ! Expected loose spacing but found compact.
  
    5 │ + second item with blank line before it
  > 6 │ + third item without blank line
      │                                
  > 7 │ + fourth item without blank line
      │ ^^^^^^^^^^^^^^^^^^^^^^^^^^^^^^^^
    8 │ 
    9 │ + fifth item with blank line before it
  
  i Use consistent spacing between list items.
  
  i Safe fix: Normalize list item spacing.
  
     5  5 │   + second item with blank line before it
     6  6 │   + third item without blank line
     7    │ - +·fourth·item·without·blank·line
        7 │ + 
        8 │ + +·fourth·item·without·blank·line
     8  9 │   
     9 10 │   + fifth item with blank line before it
  

```
