---
source: crates/biome_markdown_parser/tests/spec_test.rs
expression: snapshot
---

## Input

```
    code line 1
    code line 2

```


## AST

```
MdDocument {
    bom_token: missing (optional),
    value: MdBlockList [
        MdIndentCodeBlock {
            content: MdInlineItemList [
                MdTextual {
                    value_token: MD_TEXTUAL_LITERAL@0..5 "c" [Whitespace("    ")] [],
                },
                MdTextual {
                    value_token: MD_TEXTUAL_LITERAL@5..6 "o" [] [],
                },
                MdTextual {
                    value_token: MD_TEXTUAL_LITERAL@6..7 "d" [] [],
                },
                MdTextual {
                    value_token: MD_TEXTUAL_LITERAL@7..9 "e" [] [Whitespace(" ")],
                },
                MdTextual {
                    value_token: MD_TEXTUAL_LITERAL@9..10 "l" [] [],
                },
                MdTextual {
                    value_token: MD_TEXTUAL_LITERAL@10..11 "i" [] [],
                },
                MdTextual {
                    value_token: MD_TEXTUAL_LITERAL@11..12 "n" [] [],
                },
                MdTextual {
                    value_token: MD_TEXTUAL_LITERAL@12..14 "e" [] [Whitespace(" ")],
                },
                MdTextual {
                    value_token: MD_TEXTUAL_LITERAL@14..15 "1" [] [],
                },
                MdTextual {
                    value_token: MD_TEXTUAL_LITERAL@15..21 "c" [Newline("\n"), Whitespace("    ")] [],
                },
                MdTextual {
                    value_token: MD_TEXTUAL_LITERAL@21..22 "o" [] [],
                },
                MdTextual {
                    value_token: MD_TEXTUAL_LITERAL@22..23 "d" [] [],
                },
                MdTextual {
                    value_token: MD_TEXTUAL_LITERAL@23..25 "e" [] [Whitespace(" ")],
                },
                MdTextual {
                    value_token: MD_TEXTUAL_LITERAL@25..26 "l" [] [],
                },
                MdTextual {
                    value_token: MD_TEXTUAL_LITERAL@26..27 "i" [] [],
                },
                MdTextual {
                    value_token: MD_TEXTUAL_LITERAL@27..28 "n" [] [],
                },
                MdTextual {
                    value_token: MD_TEXTUAL_LITERAL@28..30 "e" [] [Whitespace(" ")],
                },
                MdTextual {
                    value_token: MD_TEXTUAL_LITERAL@30..31 "2" [] [],
                },
            ],
        },
    ],
    eof_token: EOF@31..32 "" [Newline("\n")] [],
}
```

## CST

```
0: MD_DOCUMENT@0..32
  0: (empty)
  1: MD_BLOCK_LIST@0..31
    0: MD_INDENT_CODE_BLOCK@0..31
      0: MD_INLINE_ITEM_LIST@0..31
        0: MD_TEXTUAL@0..5
          0: MD_TEXTUAL_LITERAL@0..5 "c" [Whitespace("    ")] []
        1: MD_TEXTUAL@5..6
          0: MD_TEXTUAL_LITERAL@5..6 "o" [] []
        2: MD_TEXTUAL@6..7
          0: MD_TEXTUAL_LITERAL@6..7 "d" [] []
        3: MD_TEXTUAL@7..9
          0: MD_TEXTUAL_LITERAL@7..9 "e" [] [Whitespace(" ")]
        4: MD_TEXTUAL@9..10
          0: MD_TEXTUAL_LITERAL@9..10 "l" [] []
        5: MD_TEXTUAL@10..11
          0: MD_TEXTUAL_LITERAL@10..11 "i" [] []
        6: MD_TEXTUAL@11..12
          0: MD_TEXTUAL_LITERAL@11..12 "n" [] []
        7: MD_TEXTUAL@12..14
          0: MD_TEXTUAL_LITERAL@12..14 "e" [] [Whitespace(" ")]
        8: MD_TEXTUAL@14..15
          0: MD_TEXTUAL_LITERAL@14..15 "1" [] []
        9: MD_TEXTUAL@15..21
          0: MD_TEXTUAL_LITERAL@15..21 "c" [Newline("\n"), Whitespace("    ")] []
        10: MD_TEXTUAL@21..22
          0: MD_TEXTUAL_LITERAL@21..22 "o" [] []
        11: MD_TEXTUAL@22..23
          0: MD_TEXTUAL_LITERAL@22..23 "d" [] []
        12: MD_TEXTUAL@23..25
          0: MD_TEXTUAL_LITERAL@23..25 "e" [] [Whitespace(" ")]
        13: MD_TEXTUAL@25..26
          0: MD_TEXTUAL_LITERAL@25..26 "l" [] []
        14: MD_TEXTUAL@26..27
          0: MD_TEXTUAL_LITERAL@26..27 "i" [] []
        15: MD_TEXTUAL@27..28
          0: MD_TEXTUAL_LITERAL@27..28 "n" [] []
        16: MD_TEXTUAL@28..30
          0: MD_TEXTUAL_LITERAL@28..30 "e" [] [Whitespace(" ")]
        17: MD_TEXTUAL@30..31
          0: MD_TEXTUAL_LITERAL@30..31 "2" [] []
  2: EOF@31..32 "" [Newline("\n")] []

```
