---
source: crates/biome_markdown_parser/tests/spec_test.rs
expression: snapshot
---

## Input

```
**bold *italic* more**

*italic `code` more*

~~strike **bold** more~~

[**bold link**](url)

**bold [link](url) more**

```


## AST

```
MdDocument {
    bom_token: missing (optional),
    value: MdBlockList [
        MdParagraph {
            list: MdInlineItemList [
                MdInlineEmphasis {
                    l_fence: DOUBLE_STAR@0..2 "**" [] [],
                    content: MdInlineItemList [
                        MdTextual {
                            value_token: MD_TEXTUAL_LITERAL@2..3 "b" [] [],
                        },
                        MdTextual {
                            value_token: MD_TEXTUAL_LITERAL@3..4 "o" [] [],
                        },
                        MdTextual {
                            value_token: MD_TEXTUAL_LITERAL@4..5 "l" [] [],
                        },
                        MdTextual {
                            value_token: MD_TEXTUAL_LITERAL@5..7 "d" [] [Whitespace(" ")],
                        },
                        MdInlineItalic {
                            l_fence: STAR@7..8 "*" [] [],
                            content: MdInlineItemList [
                                MdTextual {
                                    value_token: MD_TEXTUAL_LITERAL@8..9 "i" [] [],
                                },
                                MdTextual {
                                    value_token: MD_TEXTUAL_LITERAL@9..10 "t" [] [],
                                },
                                MdTextual {
                                    value_token: MD_TEXTUAL_LITERAL@10..11 "a" [] [],
                                },
                                MdTextual {
                                    value_token: MD_TEXTUAL_LITERAL@11..12 "l" [] [],
                                },
                                MdTextual {
                                    value_token: MD_TEXTUAL_LITERAL@12..13 "i" [] [],
                                },
                                MdTextual {
                                    value_token: MD_TEXTUAL_LITERAL@13..14 "c" [] [],
                                },
                            ],
                            r_fence: STAR@14..16 "*" [] [Whitespace(" ")],
                        },
                        MdTextual {
                            value_token: MD_TEXTUAL_LITERAL@16..17 "m" [] [],
                        },
                        MdTextual {
                            value_token: MD_TEXTUAL_LITERAL@17..18 "o" [] [],
                        },
                        MdTextual {
                            value_token: MD_TEXTUAL_LITERAL@18..19 "r" [] [],
                        },
                        MdTextual {
                            value_token: MD_TEXTUAL_LITERAL@19..20 "e" [] [],
                        },
                    ],
                    r_fence: DOUBLE_STAR@20..22 "**" [] [],
                },
            ],
            hard_line: missing (optional),
        },
        MdBulletListItem {
            md_bullet_list: MdBulletList [
                MdBullet {
                    bullet: STAR@22..25 "*" [Newline("\n"), Newline("\n")] [],
                    content: MdInlineItemList [
                        MdTextual {
                            value_token: MD_TEXTUAL_LITERAL@25..26 "i" [] [],
                        },
                        MdTextual {
                            value_token: MD_TEXTUAL_LITERAL@26..27 "t" [] [],
                        },
                        MdTextual {
                            value_token: MD_TEXTUAL_LITERAL@27..28 "a" [] [],
                        },
                        MdTextual {
                            value_token: MD_TEXTUAL_LITERAL@28..29 "l" [] [],
                        },
                        MdTextual {
                            value_token: MD_TEXTUAL_LITERAL@29..30 "i" [] [],
                        },
                        MdTextual {
                            value_token: MD_TEXTUAL_LITERAL@30..32 "c" [] [Whitespace(" ")],
                        },
                        MdInlineCode {
                            l_tick_token: BACKTICK@32..33 "`" [] [],
                            content: MdInlineItemList [
                                MdTextual {
                                    value_token: MD_TEXTUAL_LITERAL@33..34 "c" [] [],
                                },
                                MdTextual {
                                    value_token: MD_TEXTUAL_LITERAL@34..35 "o" [] [],
                                },
                                MdTextual {
                                    value_token: MD_TEXTUAL_LITERAL@35..36 "d" [] [],
                                },
                                MdTextual {
                                    value_token: MD_TEXTUAL_LITERAL@36..37 "e" [] [],
                                },
                            ],
                            r_tick_token: BACKTICK@37..39 "`" [] [Whitespace(" ")],
                        },
                        MdTextual {
                            value_token: MD_TEXTUAL_LITERAL@39..40 "m" [] [],
                        },
                        MdTextual {
                            value_token: MD_TEXTUAL_LITERAL@40..41 "o" [] [],
                        },
                        MdTextual {
                            value_token: MD_TEXTUAL_LITERAL@41..42 "r" [] [],
                        },
                        MdTextual {
                            value_token: MD_TEXTUAL_LITERAL@42..43 "e" [] [],
                        },
                        MdTextual {
                            value_token: MD_TEXTUAL_LITERAL@43..44 "*" [] [],
                        },
                    ],
                },
            ],
        },
        MdParagraph {
            list: MdInlineItemList [
                MdInlineStrikethrough {
                    l_fence_token: DOUBLE_TILDE@44..48 "~~" [Newline("\n"), Newline("\n")] [],
                    content: MdInlineItemList [
                        MdTextual {
                            value_token: MD_TEXTUAL_LITERAL@48..49 "s" [] [],
                        },
                        MdTextual {
                            value_token: MD_TEXTUAL_LITERAL@49..50 "t" [] [],
                        },
                        MdTextual {
                            value_token: MD_TEXTUAL_LITERAL@50..51 "r" [] [],
                        },
                        MdTextual {
                            value_token: MD_TEXTUAL_LITERAL@51..52 "i" [] [],
                        },
                        MdTextual {
                            value_token: MD_TEXTUAL_LITERAL@52..53 "k" [] [],
                        },
                        MdTextual {
                            value_token: MD_TEXTUAL_LITERAL@53..55 "e" [] [Whitespace(" ")],
                        },
                        MdInlineEmphasis {
                            l_fence: DOUBLE_STAR@55..57 "**" [] [],
                            content: MdInlineItemList [
                                MdTextual {
                                    value_token: MD_TEXTUAL_LITERAL@57..58 "b" [] [],
                                },
                                MdTextual {
                                    value_token: MD_TEXTUAL_LITERAL@58..59 "o" [] [],
                                },
                                MdTextual {
                                    value_token: MD_TEXTUAL_LITERAL@59..60 "l" [] [],
                                },
                                MdTextual {
                                    value_token: MD_TEXTUAL_LITERAL@60..61 "d" [] [],
                                },
                            ],
                            r_fence: DOUBLE_STAR@61..64 "**" [] [Whitespace(" ")],
                        },
                        MdTextual {
                            value_token: MD_TEXTUAL_LITERAL@64..65 "m" [] [],
                        },
                        MdTextual {
                            value_token: MD_TEXTUAL_LITERAL@65..66 "o" [] [],
                        },
                        MdTextual {
                            value_token: MD_TEXTUAL_LITERAL@66..67 "r" [] [],
                        },
                        MdTextual {
                            value_token: MD_TEXTUAL_LITERAL@67..68 "e" [] [],
                        },
                    ],
                    r_fence_token: DOUBLE_TILDE@68..70 "~~" [] [],
                },
            ],
            hard_line: missing (optional),
        },
        MdParagraph {
            list: MdInlineItemList [
                MdInlineLink {
                    l_brack_token: L_BRACK@70..73 "[" [Newline("\n"), Newline("\n")] [],
                    text: MdInlineItemList [
                        MdInlineEmphasis {
                            l_fence: DOUBLE_STAR@73..75 "**" [] [],
                            content: MdInlineItemList [
                                MdTextual {
                                    value_token: MD_TEXTUAL_LITERAL@75..76 "b" [] [],
                                },
                                MdTextual {
                                    value_token: MD_TEXTUAL_LITERAL@76..77 "o" [] [],
                                },
                                MdTextual {
                                    value_token: MD_TEXTUAL_LITERAL@77..78 "l" [] [],
                                },
                                MdTextual {
                                    value_token: MD_TEXTUAL_LITERAL@78..80 "d" [] [Whitespace(" ")],
                                },
                                MdTextual {
                                    value_token: MD_TEXTUAL_LITERAL@80..81 "l" [] [],
                                },
                                MdTextual {
                                    value_token: MD_TEXTUAL_LITERAL@81..82 "i" [] [],
                                },
                                MdTextual {
                                    value_token: MD_TEXTUAL_LITERAL@82..83 "n" [] [],
                                },
                                MdTextual {
                                    value_token: MD_TEXTUAL_LITERAL@83..84 "k" [] [],
                                },
                            ],
                            r_fence: DOUBLE_STAR@84..86 "**" [] [],
                        },
                    ],
                    r_brack_token: R_BRACK@86..87 "]" [] [],
                    l_paren_token: L_PAREN@87..88 "(" [] [],
                    source: MdInlineItemList [
                        MdTextual {
                            value_token: MD_TEXTUAL_LITERAL@88..89 "u" [] [],
                        },
                        MdTextual {
                            value_token: MD_TEXTUAL_LITERAL@89..90 "r" [] [],
                        },
                        MdTextual {
                            value_token: MD_TEXTUAL_LITERAL@90..91 "l" [] [],
                        },
                    ],
                    r_paren_token: R_PAREN@91..92 ")" [] [],
                },
            ],
            hard_line: missing (optional),
        },
        MdParagraph {
            list: MdInlineItemList [
                MdInlineEmphasis {
                    l_fence: DOUBLE_STAR@92..96 "**" [Newline("\n"), Newline("\n")] [],
                    content: MdInlineItemList [
                        MdTextual {
                            value_token: MD_TEXTUAL_LITERAL@96..97 "b" [] [],
                        },
                        MdTextual {
                            value_token: MD_TEXTUAL_LITERAL@97..98 "o" [] [],
                        },
                        MdTextual {
                            value_token: MD_TEXTUAL_LITERAL@98..99 "l" [] [],
                        },
                        MdTextual {
                            value_token: MD_TEXTUAL_LITERAL@99..101 "d" [] [Whitespace(" ")],
                        },
                        MdInlineLink {
                            l_brack_token: L_BRACK@101..102 "[" [] [],
                            text: MdInlineItemList [
                                MdTextual {
                                    value_token: MD_TEXTUAL_LITERAL@102..103 "l" [] [],
                                },
                                MdTextual {
                                    value_token: MD_TEXTUAL_LITERAL@103..104 "i" [] [],
                                },
                                MdTextual {
                                    value_token: MD_TEXTUAL_LITERAL@104..105 "n" [] [],
                                },
                                MdTextual {
                                    value_token: MD_TEXTUAL_LITERAL@105..106 "k" [] [],
                                },
                            ],
                            r_brack_token: R_BRACK@106..107 "]" [] [],
                            l_paren_token: L_PAREN@107..108 "(" [] [],
                            source: MdInlineItemList [
                                MdTextual {
                                    value_token: MD_TEXTUAL_LITERAL@108..109 "u" [] [],
                                },
                                MdTextual {
                                    value_token: MD_TEXTUAL_LITERAL@109..110 "r" [] [],
                                },
                                MdTextual {
                                    value_token: MD_TEXTUAL_LITERAL@110..111 "l" [] [],
                                },
                            ],
                            r_paren_token: R_PAREN@111..113 ")" [] [Whitespace(" ")],
                        },
                        MdTextual {
                            value_token: MD_TEXTUAL_LITERAL@113..114 "m" [] [],
                        },
                        MdTextual {
                            value_token: MD_TEXTUAL_LITERAL@114..115 "o" [] [],
                        },
                        MdTextual {
                            value_token: MD_TEXTUAL_LITERAL@115..116 "r" [] [],
                        },
                        MdTextual {
                            value_token: MD_TEXTUAL_LITERAL@116..117 "e" [] [],
                        },
                    ],
                    r_fence: DOUBLE_STAR@117..119 "**" [] [],
                },
            ],
            hard_line: missing (optional),
        },
    ],
    eof_token: EOF@119..120 "" [Newline("\n")] [],
}
```

## CST

```
0: MD_DOCUMENT@0..120
  0: (empty)
  1: MD_BLOCK_LIST@0..119
    0: MD_PARAGRAPH@0..22
      0: MD_INLINE_ITEM_LIST@0..22
        0: MD_INLINE_EMPHASIS@0..22
          0: DOUBLE_STAR@0..2 "**" [] []
          1: MD_INLINE_ITEM_LIST@2..20
            0: MD_TEXTUAL@2..3
              0: MD_TEXTUAL_LITERAL@2..3 "b" [] []
            1: MD_TEXTUAL@3..4
              0: MD_TEXTUAL_LITERAL@3..4 "o" [] []
            2: MD_TEXTUAL@4..5
              0: MD_TEXTUAL_LITERAL@4..5 "l" [] []
            3: MD_TEXTUAL@5..7
              0: MD_TEXTUAL_LITERAL@5..7 "d" [] [Whitespace(" ")]
            4: MD_INLINE_ITALIC@7..16
              0: STAR@7..8 "*" [] []
              1: MD_INLINE_ITEM_LIST@8..14
                0: MD_TEXTUAL@8..9
                  0: MD_TEXTUAL_LITERAL@8..9 "i" [] []
                1: MD_TEXTUAL@9..10
                  0: MD_TEXTUAL_LITERAL@9..10 "t" [] []
                2: MD_TEXTUAL@10..11
                  0: MD_TEXTUAL_LITERAL@10..11 "a" [] []
                3: MD_TEXTUAL@11..12
                  0: MD_TEXTUAL_LITERAL@11..12 "l" [] []
                4: MD_TEXTUAL@12..13
                  0: MD_TEXTUAL_LITERAL@12..13 "i" [] []
                5: MD_TEXTUAL@13..14
                  0: MD_TEXTUAL_LITERAL@13..14 "c" [] []
              2: STAR@14..16 "*" [] [Whitespace(" ")]
            5: MD_TEXTUAL@16..17
              0: MD_TEXTUAL_LITERAL@16..17 "m" [] []
            6: MD_TEXTUAL@17..18
              0: MD_TEXTUAL_LITERAL@17..18 "o" [] []
            7: MD_TEXTUAL@18..19
              0: MD_TEXTUAL_LITERAL@18..19 "r" [] []
            8: MD_TEXTUAL@19..20
              0: MD_TEXTUAL_LITERAL@19..20 "e" [] []
          2: DOUBLE_STAR@20..22 "**" [] []
      1: (empty)
    1: MD_BULLET_LIST_ITEM@22..44
      0: MD_BULLET_LIST@22..44
        0: MD_BULLET@22..44
          0: STAR@22..25 "*" [Newline("\n"), Newline("\n")] []
          1: MD_INLINE_ITEM_LIST@25..44
            0: MD_TEXTUAL@25..26
              0: MD_TEXTUAL_LITERAL@25..26 "i" [] []
            1: MD_TEXTUAL@26..27
              0: MD_TEXTUAL_LITERAL@26..27 "t" [] []
            2: MD_TEXTUAL@27..28
              0: MD_TEXTUAL_LITERAL@27..28 "a" [] []
            3: MD_TEXTUAL@28..29
              0: MD_TEXTUAL_LITERAL@28..29 "l" [] []
            4: MD_TEXTUAL@29..30
              0: MD_TEXTUAL_LITERAL@29..30 "i" [] []
            5: MD_TEXTUAL@30..32
              0: MD_TEXTUAL_LITERAL@30..32 "c" [] [Whitespace(" ")]
            6: MD_INLINE_CODE@32..39
              0: BACKTICK@32..33 "`" [] []
              1: MD_INLINE_ITEM_LIST@33..37
                0: MD_TEXTUAL@33..34
                  0: MD_TEXTUAL_LITERAL@33..34 "c" [] []
                1: MD_TEXTUAL@34..35
                  0: MD_TEXTUAL_LITERAL@34..35 "o" [] []
                2: MD_TEXTUAL@35..36
                  0: MD_TEXTUAL_LITERAL@35..36 "d" [] []
                3: MD_TEXTUAL@36..37
                  0: MD_TEXTUAL_LITERAL@36..37 "e" [] []
              2: BACKTICK@37..39 "`" [] [Whitespace(" ")]
            7: MD_TEXTUAL@39..40
              0: MD_TEXTUAL_LITERAL@39..40 "m" [] []
            8: MD_TEXTUAL@40..41
              0: MD_TEXTUAL_LITERAL@40..41 "o" [] []
            9: MD_TEXTUAL@41..42
              0: MD_TEXTUAL_LITERAL@41..42 "r" [] []
            10: MD_TEXTUAL@42..43
              0: MD_TEXTUAL_LITERAL@42..43 "e" [] []
            11: MD_TEXTUAL@43..44
              0: MD_TEXTUAL_LITERAL@43..44 "*" [] []
    2: MD_PARAGRAPH@44..70
      0: MD_INLINE_ITEM_LIST@44..70
        0: MD_INLINE_STRIKETHROUGH@44..70
          0: DOUBLE_TILDE@44..48 "~~" [Newline("\n"), Newline("\n")] []
          1: MD_INLINE_ITEM_LIST@48..68
            0: MD_TEXTUAL@48..49
              0: MD_TEXTUAL_LITERAL@48..49 "s" [] []
            1: MD_TEXTUAL@49..50
              0: MD_TEXTUAL_LITERAL@49..50 "t" [] []
            2: MD_TEXTUAL@50..51
              0: MD_TEXTUAL_LITERAL@50..51 "r" [] []
            3: MD_TEXTUAL@51..52
              0: MD_TEXTUAL_LITERAL@51..52 "i" [] []
            4: MD_TEXTUAL@52..53
              0: MD_TEXTUAL_LITERAL@52..53 "k" [] []
            5: MD_TEXTUAL@53..55
              0: MD_TEXTUAL_LITERAL@53..55 "e" [] [Whitespace(" ")]
            6: MD_INLINE_EMPHASIS@55..64
              0: DOUBLE_STAR@55..57 "**" [] []
              1: MD_INLINE_ITEM_LIST@57..61
                0: MD_TEXTUAL@57..58
                  0: MD_TEXTUAL_LITERAL@57..58 "b" [] []
                1: MD_TEXTUAL@58..59
                  0: MD_TEXTUAL_LITERAL@58..59 "o" [] []
                2: MD_TEXTUAL@59..60
                  0: MD_TEXTUAL_LITERAL@59..60 "l" [] []
                3: MD_TEXTUAL@60..61
                  0: MD_TEXTUAL_LITERAL@60..61 "d" [] []
              2: DOUBLE_STAR@61..64 "**" [] [Whitespace(" ")]
            7: MD_TEXTUAL@64..65
              0: MD_TEXTUAL_LITERAL@64..65 "m" [] []
            8: MD_TEXTUAL@65..66
              0: MD_TEXTUAL_LITERAL@65..66 "o" [] []
            9: MD_TEXTUAL@66..67
              0: MD_TEXTUAL_LITERAL@66..67 "r" [] []
            10: MD_TEXTUAL@67..68
              0: MD_TEXTUAL_LITERAL@67..68 "e" [] []
          2: DOUBLE_TILDE@68..70 "~~" [] []
      1: (empty)
    3: MD_PARAGRAPH@70..92
      0: MD_INLINE_ITEM_LIST@70..92
        0: MD_INLINE_LINK@70..92
          0: L_BRACK@70..73 "[" [Newline("\n"), Newline("\n")] []
          1: MD_INLINE_ITEM_LIST@73..86
            0: MD_INLINE_EMPHASIS@73..86
              0: DOUBLE_STAR@73..75 "**" [] []
              1: MD_INLINE_ITEM_LIST@75..84
                0: MD_TEXTUAL@75..76
                  0: MD_TEXTUAL_LITERAL@75..76 "b" [] []
                1: MD_TEXTUAL@76..77
                  0: MD_TEXTUAL_LITERAL@76..77 "o" [] []
                2: MD_TEXTUAL@77..78
                  0: MD_TEXTUAL_LITERAL@77..78 "l" [] []
                3: MD_TEXTUAL@78..80
                  0: MD_TEXTUAL_LITERAL@78..80 "d" [] [Whitespace(" ")]
                4: MD_TEXTUAL@80..81
                  0: MD_TEXTUAL_LITERAL@80..81 "l" [] []
                5: MD_TEXTUAL@81..82
                  0: MD_TEXTUAL_LITERAL@81..82 "i" [] []
                6: MD_TEXTUAL@82..83
                  0: MD_TEXTUAL_LITERAL@82..83 "n" [] []
                7: MD_TEXTUAL@83..84
                  0: MD_TEXTUAL_LITERAL@83..84 "k" [] []
              2: DOUBLE_STAR@84..86 "**" [] []
          2: R_BRACK@86..87 "]" [] []
          3: L_PAREN@87..88 "(" [] []
          4: MD_INLINE_ITEM_LIST@88..91
            0: MD_TEXTUAL@88..89
              0: MD_TEXTUAL_LITERAL@88..89 "u" [] []
            1: MD_TEXTUAL@89..90
              0: MD_TEXTUAL_LITERAL@89..90 "r" [] []
            2: MD_TEXTUAL@90..91
              0: MD_TEXTUAL_LITERAL@90..91 "l" [] []
          5: R_PAREN@91..92 ")" [] []
      1: (empty)
    4: MD_PARAGRAPH@92..119
      0: MD_INLINE_ITEM_LIST@92..119
        0: MD_INLINE_EMPHASIS@92..119
          0: DOUBLE_STAR@92..96 "**" [Newline("\n"), Newline("\n")] []
          1: MD_INLINE_ITEM_LIST@96..117
            0: MD_TEXTUAL@96..97
              0: MD_TEXTUAL_LITERAL@96..97 "b" [] []
            1: MD_TEXTUAL@97..98
              0: MD_TEXTUAL_LITERAL@97..98 "o" [] []
            2: MD_TEXTUAL@98..99
              0: MD_TEXTUAL_LITERAL@98..99 "l" [] []
            3: MD_TEXTUAL@99..101
              0: MD_TEXTUAL_LITERAL@99..101 "d" [] [Whitespace(" ")]
            4: MD_INLINE_LINK@101..113
              0: L_BRACK@101..102 "[" [] []
              1: MD_INLINE_ITEM_LIST@102..106
                0: MD_TEXTUAL@102..103
                  0: MD_TEXTUAL_LITERAL@102..103 "l" [] []
                1: MD_TEXTUAL@103..104
                  0: MD_TEXTUAL_LITERAL@103..104 "i" [] []
                2: MD_TEXTUAL@104..105
                  0: MD_TEXTUAL_LITERAL@104..105 "n" [] []
                3: MD_TEXTUAL@105..106
                  0: MD_TEXTUAL_LITERAL@105..106 "k" [] []
              2: R_BRACK@106..107 "]" [] []
              3: L_PAREN@107..108 "(" [] []
              4: MD_INLINE_ITEM_LIST@108..111
                0: MD_TEXTUAL@108..109
                  0: MD_TEXTUAL_LITERAL@108..109 "u" [] []
                1: MD_TEXTUAL@109..110
                  0: MD_TEXTUAL_LITERAL@109..110 "r" [] []
                2: MD_TEXTUAL@110..111
                  0: MD_TEXTUAL_LITERAL@110..111 "l" [] []
              5: R_PAREN@111..113 ")" [] [Whitespace(" ")]
            5: MD_TEXTUAL@113..114
              0: MD_TEXTUAL_LITERAL@113..114 "m" [] []
            6: MD_TEXTUAL@114..115
              0: MD_TEXTUAL_LITERAL@114..115 "o" [] []
            7: MD_TEXTUAL@115..116
              0: MD_TEXTUAL_LITERAL@115..116 "r" [] []
            8: MD_TEXTUAL@116..117
              0: MD_TEXTUAL_LITERAL@116..117 "e" [] []
          2: DOUBLE_STAR@117..119 "**" [] []
      1: (empty)
  2: EOF@119..120 "" [Newline("\n")] []

```
