---
source: crates/biome_markdown_analyze/tests/spec_tests.rs
expression: invalid.md
---
# Input
```md
# Heading

First paragraph.


Second paragraph.



Third paragraph.

```

# Diagnostics
```
invalid.md:4:1 lint/style/noConsecutiveBlankLines  FIXABLE  ━━━━━━━━━━━━━━━━━━━━━━━━━━━━━━━━━━━━━━━━

  ! Found 2 consecutive blank lines.
  
    3 │ First paragraph.
  > 4 │ 
      │ 
  > 5 │ 
  > 6 │ Second paragraph.
      │ 
    7 │ 
  
  i At most 1 consecutive blank line(s) allowed.
  
  i Safe fix: Collapse consecutive blank lines.
  
     3  3 │   First paragraph.
     4  4 │   
     5    │ - 
     6  5 │   Second paragraph.
     7  6 │   
  

```

```
invalid.md:7:1 lint/style/noConsecutiveBlankLines  FIXABLE  ━━━━━━━━━━━━━━━━━━━━━━━━━━━━━━━━━━━━━━━━

  ! Found 3 consecutive blank lines.
  
     6 │ Second paragraph.
   > 7 │ 
       │ 
   > 8 │ 
   > 9 │ 
  > 10 │ Third paragraph.
       │ 
    11 │ 
  
  i At most 1 consecutive blank line(s) allowed.
  
  i Safe fix: Collapse consecutive blank lines.
  
     6 6 │   Second paragraph.
     7 7 │   
     8   │ - 
     9   │ - 
    10 8 │   Third paragraph.
    11 9 │   
  

```
