---
source: crates/biome_markdown_analyze/tests/spec_tests.rs
expression: invalid.md
---
# Input
```md
# Hidden table cell

| A | B |
| --- | --- |
| 1 | 2 | 3 |
| 4 | 5 | 6 | 7 |

```

# Diagnostics
```
invalid.md:5:1 lint/correctness/noHiddenTableCell  FIXABLE  ━━━━━━━━━━━━━━━━━━━━━━━━━━━━━━━━━━━━━━━━

  × Row has 1 hidden cell(s) that won't be rendered.
  
    3 │ | A | B |
    4 │ | --- | --- |
  > 5 │ | 1 | 2 | 3 |
      │ ^^^^^^^^^^^^^
    6 │ | 4 | 5 | 6 | 7 |
    7 │ 
  
  i Remove extra cells or add columns to the table header and separator.
  
  i Safe fix: Remove the extra table cells.
  
    3 3 │   | A | B |
    4 4 │   | --- | --- |
    5   │ - |·1·|·2·|·3·|
      5 │ + |·1·|·2·|
    6 6 │   | 4 | 5 | 6 | 7 |
    7 7 │   
  

```

```
invalid.md:6:1 lint/correctness/noHiddenTableCell  FIXABLE  ━━━━━━━━━━━━━━━━━━━━━━━━━━━━━━━━━━━━━━━━

  × Row has 2 hidden cell(s) that won't be rendered.
  
    4 │ | --- | --- |
    5 │ | 1 | 2 | 3 |
  > 6 │ | 4 | 5 | 6 | 7 |
      │ ^^^^^^^^^^^^^^^^^
    7 │ 
  
  i Remove extra cells or add columns to the table header and separator.
  
  i Safe fix: Remove the extra table cells.
  
    4 4 │   | --- | --- |
    5 5 │   | 1 | 2 | 3 |
    6   │ - |·4·|·5·|·6·|·7·|
      6 │ + |·4·|·5·|
    7 7 │   
  

```
