---
source: crates/biome_markdown_analyze/tests/spec_tests.rs
expression: valid.md
---
# Input
```md
# Table with proper blank lines

Some text before.

| A | B |
| --- | --- |
| 1 | 2 |

Some text after.

# Table at start of section

| X | Y |
| --- | --- |
| 3 | 4 |

# No tables

Just plain text.

```
