---
source: crates/biome_markdown_analyze/tests/spec_tests.rs
expression: valid.md
---
# Input
```md
# Consistent dot delimiters

1. first item
2. second item
3. third item

# Single ordered item

1. only item

# Mixed ordered and unordered (only ordered checked)

+ unordered item
1. ordered item
+ another unordered

# No lists

Just plain text.

```
