---
source: crates/biome_markdown_analyze/tests/spec_tests.rs
expression: invalid.md
---
# Input
```md
# Compact cells should be flagged (default style is "padded")

|A|B|C|
|---|---|---|
|1|2|3|

# Another compact table

|Name|Age|
|---|---|
|Alice|30|
|Bob|25|

# Mixed: some rows padded, some compact

| X | Y | Z |
| --- | --- | --- |
|a|b|c|

```

# Diagnostics
```
invalid.md:3:1 lint/style/useConsistentTableCellPadding  FIXABLE  ━━━━━━━━━━━━━━━━━━━━━━━━━━━━━━━━━━

  ! Expected padded cell padding in table row.
  
    1 │ # Compact cells should be flagged (default style is "padded")
    2 │ 
  > 3 │ |A|B|C|
      │ ^^^^^^^
    4 │ |---|---|---|
    5 │ |1|2|3|
  
  i Use consistent cell padding throughout tables.
  
  i Safe fix: Normalize table cell padding.
  
     1  1 │   # Compact cells should be flagged (default style is "padded")
     2  2 │   
     3    │ - |A|B|C|
        3 │ + |·A·|·B·|·C·|
     4  4 │   |---|---|---|
     5  5 │   |1|2|3|
  

```

```
invalid.md:5:1 lint/style/useConsistentTableCellPadding  FIXABLE  ━━━━━━━━━━━━━━━━━━━━━━━━━━━━━━━━━━

  ! Expected padded cell padding in table row.
  
    3 │ |A|B|C|
    4 │ |---|---|---|
  > 5 │ |1|2|3|
      │ ^^^^^^^
    6 │ 
    7 │ # Another compact table
  
  i Use consistent cell padding throughout tables.
  
  i Safe fix: Normalize table cell padding.
  
     3  3 │   |A|B|C|
     4  4 │   |---|---|---|
     5    │ - |1|2|3|
        5 │ + |·1·|·2·|·3·|
     6  6 │   
     7  7 │   # Another compact table
  

```

```
invalid.md:9:1 lint/style/useConsistentTableCellPadding  FIXABLE  ━━━━━━━━━━━━━━━━━━━━━━━━━━━━━━━━━━

  ! Expected padded cell padding in table row.
  
     7 │ # Another compact table
     8 │ 
   > 9 │ |Name|Age|
       │ ^^^^^^^^^^
    10 │ |---|---|
    11 │ |Alice|30|
  
  i Use consistent cell padding throughout tables.
  
  i Safe fix: Normalize table cell padding.
  
     7  7 │   # Another compact table
     8  8 │   
     9    │ - |Name|Age|
        9 │ + |·Name·|·Age·|
    10 10 │   |---|---|
    11 11 │   |Alice|30|
  

```

```
invalid.md:11:1 lint/style/useConsistentTableCellPadding  FIXABLE  ━━━━━━━━━━━━━━━━━━━━━━━━━━━━━━━━━

  ! Expected padded cell padding in table row.
  
     9 │ |Name|Age|
    10 │ |---|---|
  > 11 │ |Alice|30|
       │ ^^^^^^^^^^
    12 │ |Bob|25|
    13 │ 
  
  i Use consistent cell padding throughout tables.
  
  i Safe fix: Normalize table cell padding.
  
     9  9 │   |Name|Age|
    10 10 │   |---|---|
    11    │ - |Alice|30|
       11 │ + |·Alice·|·30·|
    12 12 │   |Bob|25|
    13 13 │   
  

```

```
invalid.md:12:1 lint/style/useConsistentTableCellPadding  FIXABLE  ━━━━━━━━━━━━━━━━━━━━━━━━━━━━━━━━━

  ! Expected padded cell padding in table row.
  
    10 │ |---|---|
    11 │ |Alice|30|
  > 12 │ |Bob|25|
       │ ^^^^^^^^
    13 │ 
    14 │ # Mixed: some rows padded, some compact
  
  i Use consistent cell padding throughout tables.
  
  i Safe fix: Normalize table cell padding.
  
    10 10 │   |---|---|
    11 11 │   |Alice|30|
    12    │ - |Bob|25|
       12 │ + |·Bob·|·25·|
    13 13 │   
    14 14 │   # Mixed: some rows padded, some compact
  

```

```
invalid.md:18:1 lint/style/useConsistentTableCellPadding  FIXABLE  ━━━━━━━━━━━━━━━━━━━━━━━━━━━━━━━━━

  ! Expected padded cell padding in table row.
  
    16 │ | X | Y | Z |
    17 │ | --- | --- | --- |
  > 18 │ |a|b|c|
       │ ^^^^^^^
    19 │ 
  
  i Use consistent cell padding throughout tables.
  
  i Safe fix: Normalize table cell padding.
  
    16 16 │   | X | Y | Z |
    17 17 │   | --- | --- | --- |
    18    │ - |a|b|c|
       18 │ + |·a·|·b·|·c·|
    19 19 │   
  

```
