---
source: crates/biome_formatter_test/src/snapshot_builder.rs
info: yaml/document/separated_by_doc_end.yaml
---

# Input

```yaml
first: 1
...
---
second: 2
...
---
third: 3
...
---
fourth: 4

```


=============================

# Outputs

## Output 1

-----
Indent style: Space
Indent width: 2
Line ending: LF
Line width: 80
Quote style: Double Quotes
-----

```yaml
first: 1
...
---
second: 2
...
---
third: 3
...
---
fourth: 4
```
