---
source: crates/biome_markdown_analyze/tests/spec_tests.rs
expression: invalid.md
---
# Input
```md
# Uppercase Labels

[FOO]: https://example.com
[Bar]: https://other.com

```

# Diagnostics
```
invalid.md:3:1 lint/nursery/useLowercaseDefinitionLabels ━━━━━━━━━━━━━━━━━━━━━━━━━━━━━━━━━━━━━━━━━━━

  ! Definition label "FOO" should be lowercase.
  
    1 │ # Uppercase Labels
    2 │ 
  > 3 │ [FOO]: https://example.com
      │ ^^^^^^^^^^^^^^^^^^^^^^^^^^
    4 │ [Bar]: https://other.com
    5 │ 
  
  i Use lowercase labels for consistency.
  
  i This rule belongs to the nursery group, which means it is not yet stable and may change in the future. Visit https://biomejs.dev/linter/#nursery for more information.
  

```

```
invalid.md:4:1 lint/nursery/useLowercaseDefinitionLabels ━━━━━━━━━━━━━━━━━━━━━━━━━━━━━━━━━━━━━━━━━━━

  ! Definition label "Bar" should be lowercase.
  
    3 │ [FOO]: https://example.com
  > 4 │ [Bar]: https://other.com
      │ ^^^^^^^^^^^^^^^^^^^^^^^^
    5 │ 
  
  i Use lowercase labels for consistency.
  
  i This rule belongs to the nursery group, which means it is not yet stable and may change in the future. Visit https://biomejs.dev/linter/#nursery for more information.
  

```
