---
source: crates/biome_yaml_analyze/tests/spec_tests.rs
expression: invalid.yaml
---
# Input
```yaml
{name: John, age: 30, name: Jane}

```

# Diagnostics
```
invalid.yaml:1:2 lint/nursery/noDuplicateFlowKeys ━━━━━━━━━━━━━━━━━━━━━━━━━━━━━━━━━━━━━━━━━━━━━━━━━━

  × The key name was already declared.
  
  > 1 │ {name: John, age: 30, name: Jane}
      │  ^^^^
    2 │ 
  
  i This is where a duplicated key was declared again.
  
  > 1 │ {name: John, age: 30, name: Jane}
      │                       ^^^^
    2 │ 
  
  i If a key is defined multiple times, only the last definition takes effect. Previous definitions are ignored.
  
  i This rule belongs to the nursery group, which means it is not yet stable and may change in the future. Visit https://biomejs.dev/linter/#nursery for more information.
  

```
