---
source: crates/biome_markdown_analyze/tests/spec_tests.rs
expression: invalid.md
---
# Input
```md
# Title Style

[foo]: https://example.com 'wrong title style'

```

# Diagnostics
```
invalid.md:3:1 lint/style/useConsistentLinkTitleStyle  FIXABLE  ━━━━━━━━━━━━━━━━━━━━━━━━━━━━━━━━━━━━

  ! Expected double-quote for link title but found single quotes.
  
    1 │ # Title Style
    2 │ 
  > 3 │ [foo]: https://example.com 'wrong title style'
      │ ^^^^^^^^^^^^^^^^^^^^^^^^^^^^^^^^^^^^^^^^^^^^^^
    4 │ 
  
  i Use consistent title delimiters throughout the document.
  
  i Safe fix: Use the consistent link title delimiter.
  
    1 1 │   # Title Style
    2 2 │   
    3   │ - [foo]:·https://example.com·'wrong·title·style'
      3 │ + [foo]:·https://example.com·"wrong·title·style"
    4 4 │   
  

```
