---
source: crates/biome_markdown_analyze/tests/spec_tests.rs
expression: "-leading-dash.md"
---
# Input
```md
# Heading

```

# Diagnostics
```
-leading-dash.md:1:1 lint/nursery/noFileNameOuterDashes ━━━━━━━━━━━━━━━━━━━━━━━━━━━━━━━━━━━━━━━━━━━━

  ! File name starts or ends with a dash.
  
  > 1 │ # Heading
      │ ^^^^^^^^^
    2 │ 
  
  i Remove the leading or trailing dash from the file name.
  
  i This rule belongs to the nursery group, which means it is not yet stable and may change in the future. Visit https://biomejs.dev/linter/#nursery for more information.
  

```
