---
source: crates/biome_markdown_analyze/tests/spec_tests.rs
assertion_line: 70
expression: invalid.md
---
# Input
```md
# Hello

**This is emphasis as heading**

Some text.

```

# Diagnostics
```
invalid.md:3:1 lint/suspicious/noEmphasisAsHeading ━━━━━━━━━━━━━━━━━━━━━━━━━━━━━━━━━━━━━━━━━━━━━━━━━

  ! Emphasis used as a heading substitute.
  
    1 │ # Hello
    2 │ 
  > 3 │ **This is emphasis as heading**
      │ ^^^^^^^^^^^^^^^^^^^^^^^^^^^^^^^
    4 │ 
    5 │ Some text.
  
  i Use a proper heading (e.g. ## Heading) instead of bold/italic text.
  

```
