---
source: crates/biome_markdown_analyze/tests/spec_tests.rs
expression: invalid.md
---
# Input
```md
> first line
>  second line with extra space

```

# Diagnostics
```
invalid.md:2:1 lint/style/useConsistentBlockquoteIndent  FIXABLE  ━━━━━━━━━━━━━━━━━━━━━━━━━━━━━━━━━━

  ! Expected 1 space(s) after > but found 2.
  
    1 │ > first line
  > 2 │ >  second line with extra space
      │ ^^^^^^^^^^^^^^^^^^^^^^^^^^^^^^^
    3 │ 
  
  i Use consistent spacing after the blockquote marker.
  
  i Safe fix: Normalize blockquote indentation.
  
    1 1 │   > first line
    2   │ - >··second·line·with·extra·space
      2 │ + >·second·line·with·extra·space
    3 3 │   
  

```
