---
source: crates/biome_markdown_analyze/tests/spec_tests.rs
expression: invalid.md
---
# Input
```md
#Heading without space

##Another heading

```

# Diagnostics
```
invalid.md:1:1 lint/correctness/noMissingSpaceAtxHeading ━━━━━━━━━━━━━━━━━━━━━━━━━━━━━━━━━━━━━━━━━━━

  ! Missing space after hash characters in atx heading.
  
  > 1 │ #Heading without space
      │ ^^^^^^^^^^^^^^^^^^^^^^
    2 │ 
    3 │ ##Another heading
  
  i Add a space between the hash characters and the heading text.
  

```

```
invalid.md:3:1 lint/correctness/noMissingSpaceAtxHeading ━━━━━━━━━━━━━━━━━━━━━━━━━━━━━━━━━━━━━━━━━━━

  ! Missing space after hash characters in atx heading.
  
    1 │ #Heading without space
    2 │ 
  > 3 │ ##Another heading
      │ ^^^^^^^^^^^^^^^^^
    4 │ 
  
  i Add a space between the hash characters and the heading text.
  

```
