---
source: crates/biome_yaml_analyze/tests/spec_tests.rs
expression: invalid.yaml
---
# Input
```yaml
enabled: yes
disabled: no
flag: on
other: off
short_yes: y
short_no: n
upper_yes: YES
upper_no: NO

```

# Diagnostics
```
invalid.yaml:1:10 lint/suspicious/noTruthyValues  FIXABLE  ━━━━━━━━━━━━━━━━━━━━━━━━━━━━━━━━━━━━━━━━━

  ! The value yes is interpreted as a boolean in YAML 1.1.
  
  > 1 │ enabled: yes
      │          ^^^
    2 │ disabled: no
    3 │ flag: on
  
  i Use true instead, or quote the value if it's meant as a string.
  
  i Safe fix: Replace with true.
  
    1   │ - enabled:·yes
      1 │ + enabled:·true
    2 2 │   disabled: no
    3 3 │   flag: on
  

```

```
invalid.yaml:2:11 lint/suspicious/noTruthyValues  FIXABLE  ━━━━━━━━━━━━━━━━━━━━━━━━━━━━━━━━━━━━━━━━━

  ! The value no is interpreted as a boolean in YAML 1.1.
  
    1 │ enabled: yes
  > 2 │ disabled: no
      │           ^^
    3 │ flag: on
    4 │ other: off
  
  i Use false instead, or quote the value if it's meant as a string.
  
  i Safe fix: Replace with false.
  
    1 1 │   enabled: yes
    2   │ - disabled:·no
      2 │ + disabled:·false
    3 3 │   flag: on
    4 4 │   other: off
  

```

```
invalid.yaml:3:7 lint/suspicious/noTruthyValues  FIXABLE  ━━━━━━━━━━━━━━━━━━━━━━━━━━━━━━━━━━━━━━━━━━

  ! The value on is interpreted as a boolean in YAML 1.1.
  
    1 │ enabled: yes
    2 │ disabled: no
  > 3 │ flag: on
      │       ^^
    4 │ other: off
    5 │ short_yes: y
  
  i Use true instead, or quote the value if it's meant as a string.
  
  i Safe fix: Replace with true.
  
    1 1 │   enabled: yes
    2 2 │   disabled: no
    3   │ - flag:·on
      3 │ + flag:·true
    4 4 │   other: off
    5 5 │   short_yes: y
  

```

```
invalid.yaml:4:8 lint/suspicious/noTruthyValues  FIXABLE  ━━━━━━━━━━━━━━━━━━━━━━━━━━━━━━━━━━━━━━━━━━

  ! The value off is interpreted as a boolean in YAML 1.1.
  
    2 │ disabled: no
    3 │ flag: on
  > 4 │ other: off
      │        ^^^
    5 │ short_yes: y
    6 │ short_no: n
  
  i Use false instead, or quote the value if it's meant as a string.
  
  i Safe fix: Replace with false.
  
    2 2 │   disabled: no
    3 3 │   flag: on
    4   │ - other:·off
      4 │ + other:·false
    5 5 │   short_yes: y
    6 6 │   short_no: n
  

```

```
invalid.yaml:5:12 lint/suspicious/noTruthyValues  FIXABLE  ━━━━━━━━━━━━━━━━━━━━━━━━━━━━━━━━━━━━━━━━━

  ! The value y is interpreted as a boolean in YAML 1.1.
  
    3 │ flag: on
    4 │ other: off
  > 5 │ short_yes: y
      │            ^
    6 │ short_no: n
    7 │ upper_yes: YES
  
  i Use true instead, or quote the value if it's meant as a string.
  
  i Safe fix: Replace with true.
  
    3 3 │   flag: on
    4 4 │   other: off
    5   │ - short_yes:·y
      5 │ + short_yes:·true
    6 6 │   short_no: n
    7 7 │   upper_yes: YES
  

```

```
invalid.yaml:6:11 lint/suspicious/noTruthyValues  FIXABLE  ━━━━━━━━━━━━━━━━━━━━━━━━━━━━━━━━━━━━━━━━━

  ! The value n is interpreted as a boolean in YAML 1.1.
  
    4 │ other: off
    5 │ short_yes: y
  > 6 │ short_no: n
      │           ^
    7 │ upper_yes: YES
    8 │ upper_no: NO
  
  i Use false instead, or quote the value if it's meant as a string.
  
  i Safe fix: Replace with false.
  
    4 4 │   other: off
    5 5 │   short_yes: y
    6   │ - short_no:·n
      6 │ + short_no:·false
    7 7 │   upper_yes: YES
    8 8 │   upper_no: NO
  

```

```
invalid.yaml:7:12 lint/suspicious/noTruthyValues  FIXABLE  ━━━━━━━━━━━━━━━━━━━━━━━━━━━━━━━━━━━━━━━━━

  ! The value YES is interpreted as a boolean in YAML 1.1.
  
    5 │ short_yes: y
    6 │ short_no: n
  > 7 │ upper_yes: YES
      │            ^^^
    8 │ upper_no: NO
    9 │ 
  
  i Use true instead, or quote the value if it's meant as a string.
  
  i Safe fix: Replace with true.
  
    5 5 │   short_yes: y
    6 6 │   short_no: n
    7   │ - upper_yes:·YES
      7 │ + upper_yes:·true
    8 8 │   upper_no: NO
    9 9 │   
  

```

```
invalid.yaml:8:11 lint/suspicious/noTruthyValues  FIXABLE  ━━━━━━━━━━━━━━━━━━━━━━━━━━━━━━━━━━━━━━━━━

  ! The value NO is interpreted as a boolean in YAML 1.1.
  
    6 │ short_no: n
    7 │ upper_yes: YES
  > 8 │ upper_no: NO
      │           ^^
    9 │ 
  
  i Use false instead, or quote the value if it's meant as a string.
  
  i Safe fix: Replace with false.
  
    6 6 │   short_no: n
    7 7 │   upper_yes: YES
    8   │ - upper_no:·NO
      8 │ + upper_no:·false
    9 9 │   
  

```
