---
source: crates/biome_markdown_analyze/tests/spec_tests.rs
expression: invalid.md
---
# Input
```md
::video{src="a.mp4" src="b.mp4"}

```

# Diagnostics
```
invalid.md:1:20 lint/correctness/noDirectiveDuplicateAttribute  FIXABLE  ━━━━━━━━━━━━━━━━━━━━━━━━━━━

  ! Duplicate attribute "src" on directive.
  
  > 1 │ ::video{src="a.mp4" src="b.mp4"}
      │                    ^^^^^^^^^^^^
    2 │ 
  
  i Remove the duplicate attribute.
  
  i Unsafe fix: Remove the duplicate attribute.
  
    1 │ ::video{src="a.mp4"·src="b.mp4"}
      │                    ------------ 

```
