---
source: crates/biome_markdown_analyze/tests/spec_tests.rs
expression: invalid.md
---
# Input
```md
# Inline HTML

This has <em>inline emphasis</em> tags.

And a <strong>bold</strong> tag.

A <br> break too.

```

# Diagnostics
```
invalid.md:3:10 lint/style/noInlineHtml  FIXABLE  ━━━━━━━━━━━━━━━━━━━━━━━━━━━━━━━━━━━━━━━━━━━━━━━━━━

  ! Inline HTML element "em" is not allowed.
  
    1 │ # Inline HTML
    2 │ 
  > 3 │ This has <em>inline emphasis</em> tags.
      │          ^^^^
    4 │ 
    5 │ And a <strong>bold</strong> tag.
  
  i Use markdown syntax instead of inline HTML.
  
  i Unsafe fix: Remove the HTML tag.
  
    3 │ This·has·<em>inline·emphasis</em>·tags.
      │          ----                          

```

```
invalid.md:3:29 lint/style/noInlineHtml  FIXABLE  ━━━━━━━━━━━━━━━━━━━━━━━━━━━━━━━━━━━━━━━━━━━━━━━━━━

  ! Inline HTML element "em" is not allowed.
  
    1 │ # Inline HTML
    2 │ 
  > 3 │ This has <em>inline emphasis</em> tags.
      │                             ^^^^^
    4 │ 
    5 │ And a <strong>bold</strong> tag.
  
  i Use markdown syntax instead of inline HTML.
  
  i Unsafe fix: Remove the HTML tag.
  
    1 1 │   # Inline HTML
    2 2 │   
    3   │ - This·has·<em>inline·emphasis</em>·tags.
      3 │ + This·has·<em>inline·emphasis·tags.
    4 4 │   
    5 5 │   And a <strong>bold</strong> tag.
  

```

```
invalid.md:5:7 lint/style/noInlineHtml  FIXABLE  ━━━━━━━━━━━━━━━━━━━━━━━━━━━━━━━━━━━━━━━━━━━━━━━━━━━

  ! Inline HTML element "strong" is not allowed.
  
    3 │ This has <em>inline emphasis</em> tags.
    4 │ 
  > 5 │ And a <strong>bold</strong> tag.
      │       ^^^^^^^^
    6 │ 
    7 │ A <br> break too.
  
  i Use markdown syntax instead of inline HTML.
  
  i Unsafe fix: Remove the HTML tag.
  
    5 │ And·a·<strong>bold</strong>·tag.
      │       --------                  

```

```
invalid.md:5:19 lint/style/noInlineHtml  FIXABLE  ━━━━━━━━━━━━━━━━━━━━━━━━━━━━━━━━━━━━━━━━━━━━━━━━━━

  ! Inline HTML element "strong" is not allowed.
  
    3 │ This has <em>inline emphasis</em> tags.
    4 │ 
  > 5 │ And a <strong>bold</strong> tag.
      │                   ^^^^^^^^^
    6 │ 
    7 │ A <br> break too.
  
  i Use markdown syntax instead of inline HTML.
  
  i Unsafe fix: Remove the HTML tag.
  
    3 3 │   This has <em>inline emphasis</em> tags.
    4 4 │   
    5   │ - And·a·<strong>bold</strong>·tag.
      5 │ + And·a·<strong>bold·tag.
    6 6 │   
    7 7 │   A <br> break too.
  

```

```
invalid.md:7:3 lint/style/noInlineHtml  FIXABLE  ━━━━━━━━━━━━━━━━━━━━━━━━━━━━━━━━━━━━━━━━━━━━━━━━━━━

  ! Inline HTML element "br" is not allowed.
  
    5 │ And a <strong>bold</strong> tag.
    6 │ 
  > 7 │ A <br> break too.
      │   ^^^^
    8 │ 
  
  i Use markdown syntax instead of inline HTML.
  
  i Unsafe fix: Remove the HTML tag.
  
    5 5 │   And a <strong>bold</strong> tag.
    6 6 │   
    7   │ - A·<br>·break·too.
      7 │ + A··break·too.
    8 8 │   
  

```
