---
source: crates/biome_yaml_analyze/tests/spec_tests.rs
expression: nested_invalid.yaml
---
# Input
```yaml
# yaml-language-server: $schema=nested-schema.json
server:
  host: localhost
  port: 99999
endpoints:
  - method: GET
  - path: /api/data
    method: PATCH

```

# Diagnostics
```
nested_invalid.yaml:4:3 lint/nursery/useValidSchema ━━━━━━━━━━━━━━━━━━━━━━━━━━━━━━━━━━━━━━━━━━━━━━━━

  × Schema validation error: 99999 is greater than the maximum of 65535
  
    2 │ server:
    3 │   host: localhost
  > 4 │   port: 99999
      │   ^^^^^^^^^^^
    5 │ endpoints:
    6 │   - method: GET
  
  i This rule belongs to the nursery group, which means it is not yet stable and may change in the future. Visit https://biomejs.dev/linter/#nursery for more information.
  

```

```
nested_invalid.yaml:6:3 lint/nursery/useValidSchema ━━━━━━━━━━━━━━━━━━━━━━━━━━━━━━━━━━━━━━━━━━━━━━━━

  × Schema validation error: "path" is a required property
  
    4 │   port: 99999
    5 │ endpoints:
  > 6 │   - method: GET
      │   ^^^^^^^^^^^^^
    7 │   - path: /api/data
    8 │     method: PATCH
  
  i This rule belongs to the nursery group, which means it is not yet stable and may change in the future. Visit https://biomejs.dev/linter/#nursery for more information.
  

```

```
nested_invalid.yaml:8:5 lint/nursery/useValidSchema ━━━━━━━━━━━━━━━━━━━━━━━━━━━━━━━━━━━━━━━━━━━━━━━━

  × Schema validation error: "PATCH" is not one of ["GET","POST","PUT","DELETE"]
  
    6 │   - method: GET
    7 │   - path: /api/data
  > 8 │     method: PATCH
      │     ^^^^^^^^^^^^^
    9 │ 
  
  i This rule belongs to the nursery group, which means it is not yet stable and may change in the future. Visit https://biomejs.dev/linter/#nursery for more information.
  

```
