---
source: crates/biome_markdown_analyze/tests/spec_tests.rs
expression: invalid.md
---
# Input
```md
::video{zebra="1" alpha="2"}

:::note{title="hello" class="info"}
Content
:::

```

# Diagnostics
```
invalid.md:1:19 lint/style/useSortedDirectiveAttributes  FIXABLE  ━━━━━━━━━━━━━━━━━━━━━━━━━━━━━━━━━━

  ! Attribute "alpha" should come before "zebra".
  
  > 1 │ ::video{zebra="1" alpha="2"}
      │                   ^^^^^^^^^
    2 │ 
    3 │ :::note{title="hello" class="info"}
  
  i Sort directive attributes alphabetically.
  
  i Unsafe fix: Sort directive attributes alphabetically.
  
    1   │ - ::video{zebra="1"·alpha="2"}
      1 │ + ::video{alpha="2"·zebra="1"}
    2 2 │   
    3 3 │   :::note{title="hello" class="info"}
  

```

```
invalid.md:3:23 lint/style/useSortedDirectiveAttributes  FIXABLE  ━━━━━━━━━━━━━━━━━━━━━━━━━━━━━━━━━━

  ! Attribute "class" should come before "title".
  
    1 │ ::video{zebra="1" alpha="2"}
    2 │ 
  > 3 │ :::note{title="hello" class="info"}
      │                       ^^^^^^^^^^^^
    4 │ Content
    5 │ :::
  
  i Sort directive attributes alphabetically.
  
  i Unsafe fix: Sort directive attributes alphabetically.
  
    1 1 │   ::video{zebra="1" alpha="2"}
    2 2 │   
    3   │ - :::note{title="hello"·class="info"}
      3 │ + :::note{class="info"·title="hello"}
    4 4 │   Content
    5 5 │   :::
  

```
