---
source: crates/biome_yaml_analyze/tests/spec_tests.rs
expression: invalid.yaml
---
# Input
```yaml
#bad comment
key: value

```

# Diagnostics
```
invalid.yaml:1:1 lint/nursery/useCommentSpacing ━━━━━━━━━━━━━━━━━━━━━━━━━━━━━━━━━━━━━━━━━━━━━━━━━━━━

  ! Comment should have a space after the '#' character.
  
  > 1 │ #bad comment
      │ ^^^^^^^^^^^^
    2 │ key: value
    3 │ 
  
  i Add a space between '#' and the comment text for readability.
  
  i This rule belongs to the nursery group, which means it is not yet stable and may change in the future. Visit https://biomejs.dev/linter/#nursery for more information.
  

```
