---
source: crates/biome_markdown_analyze/tests/spec_tests.rs
expression: invalid.md
---
# Input
```md
# Code blocks

    indented code block here

```

# Diagnostics
```
invalid.md:3:1 lint/nursery/useConsistentCodeBlockStyle ━━━━━━━━━━━━━━━━━━━━━━━━━━━━━━━━━━━━━━━━━━━━

  ! Use fenced code blocks instead of indented code blocks.
  
    1 │ # Code blocks
    2 │ 
  > 3 │     indented code block here
      │ ^^^^^^^^^^^^^^^^^^^^^^^^^^^^
    4 │ 
  
  i Fenced code blocks are more readable and support language specification.
  
  i This rule belongs to the nursery group, which means it is not yet stable and may change in the future. Visit https://biomejs.dev/linter/#nursery for more information.
  

```
