---
source: crates/biome_markdown_analyze/tests/spec_tests.rs
expression: invalid.md
---
# Input
```md
[click here]()

[another empty link](   )

```

# Diagnostics
```
invalid.md:1:1 lint/correctness/noEmptyLinks  FIXABLE  ━━━━━━━━━━━━━━━━━━━━━━━━━━━━━━━━━━━━━━━━━━━━━

  ! Link has an empty URL.
  
  > 1 │ [click here]()
      │ ^^^^^^^^^^^^^^
    2 │ 
    3 │ [another empty link](   )
  
  i Provide a valid URL for the link or remove it.
  
  i Unsafe fix: Remove the empty link.
  
    1   │ - [click·here]()
      1 │ + click·here
    2 2 │   
    3 3 │   [another empty link](   )
  

```

```
invalid.md:3:1 lint/correctness/noEmptyLinks  FIXABLE  ━━━━━━━━━━━━━━━━━━━━━━━━━━━━━━━━━━━━━━━━━━━━━

  ! Link has an empty URL.
  
    1 │ [click here]()
    2 │ 
  > 3 │ [another empty link](   )
      │ ^^^^^^^^^^^^^^^^^^^^^^^^^
    4 │ 
  
  i Provide a valid URL for the link or remove it.
  
  i Unsafe fix: Remove the empty link.
  
    1 1 │   [click here]()
    2 2 │   
    3   │ - [another·empty·link](···)
      3 │ + another·empty·link
    4 4 │   
  

```
