---
source: crates/biome_yaml_analyze/tests/spec_tests.rs
expression: invalid.yaml
---
# Input
```yaml
key: value
other: data
```

# Diagnostics
```
invalid.yaml:2:11 lint/style/useFinalNewline  FIXABLE  ━━━━━━━━━━━━━━━━━━━━━━━━━━━━━━━━━━━━━━━━━━━━━

  ! Missing newline at the end of the file.
  
    1 │ key: value
  > 2 │ other: data
      │           ^
  
  i Add a newline at the end of the file.
  
  i Safe fix: Add a trailing newline.
  
  

```
