---
source: crates/biome_markdown_analyze/tests/spec_tests.rs
expression: invalid.md
---
# Input
```md
## Heading  ##

### Another heading   ###

```

# Diagnostics
```
invalid.md:1:1 lint/style/noMultipleSpaceClosedAtxHeading ━━━━━━━━━━━━━━━━━━━━━━━━━━━━━━━━━━━━━━━━━━

  ! Multiple spaces before closing hashes in ATX heading.
  
  > 1 │ ## Heading  ##
      │ ^^^^^^^^^^^^^^
    2 │ 
    3 │ ### Another heading   ###
  
  i Use only one space before the closing hash characters.
  

```

```
invalid.md:3:1 lint/style/noMultipleSpaceClosedAtxHeading ━━━━━━━━━━━━━━━━━━━━━━━━━━━━━━━━━━━━━━━━━━

  ! Multiple spaces before closing hashes in ATX heading.
  
    1 │ ## Heading  ##
    2 │ 
  > 3 │ ### Another heading   ###
      │ ^^^^^^^^^^^^^^^^^^^^^^^^^
    4 │ 
  
  i Use only one space before the closing hash characters.
  

```
