---
source: crates/biome_markdown_analyze/tests/spec_tests.rs
expression: invalid.md
---
# Input
```md
## Heading  ##

### Another heading   ###

```

# Diagnostics
```
invalid.md:1:1 lint/style/noMultipleSpaceClosedAtxHeading  FIXABLE  ━━━━━━━━━━━━━━━━━━━━━━━━━━━━━━━━

  ! Multiple spaces before closing hashes in ATX heading.
  
  > 1 │ ## Heading  ##
      │ ^^^^^^^^^^^^^^
    2 │ 
    3 │ ### Another heading   ###
  
  i Use only one space before the closing hash characters.
  
  i Safe fix: Use a single space before the closing hashes.
  
    1   │ - ##·Heading··##
      1 │ + ##·Heading·##
    2 2 │   
    3 3 │   ### Another heading   ###
  

```

```
invalid.md:3:1 lint/style/noMultipleSpaceClosedAtxHeading  FIXABLE  ━━━━━━━━━━━━━━━━━━━━━━━━━━━━━━━━

  ! Multiple spaces before closing hashes in ATX heading.
  
    1 │ ## Heading  ##
    2 │ 
  > 3 │ ### Another heading   ###
      │ ^^^^^^^^^^^^^^^^^^^^^^^^^
    4 │ 
  
  i Use only one space before the closing hash characters.
  
  i Safe fix: Use a single space before the closing hashes.
  
    1 1 │   ## Heading  ##
    2 2 │   
    3   │ - ###·Another·heading···###
      3 │ + ###·Another·heading·###
    4 4 │   
  

```
