---
source: crates/biome_markdown_analyze/tests/spec_tests.rs
expression: invalid.md
---
# Input
```md
# Missing leading pipes (default style is "both")

A | B |
--- | --- |
1 | 2 |

# Mixed: some rows have both pipes, some only trailing

| X | Y |
| --- | --- |
X | Y |
1 | 2 |

# Three columns missing leading

A | B | C |
--- | --- | --- |
1 | 2 | 3 |
4 | 5 | 6 |

```

# Diagnostics
```
invalid.md:11:1 lint/style/useConsistentTablePipeStyle  FIXABLE  ━━━━━━━━━━━━━━━━━━━━━━━━━━━━━━━━━━━

  ! Missing leading or trailing pipe in table row.
  
     9 │ | X | Y |
    10 │ | --- | --- |
  > 11 │ X | Y |
       │ ^^^^^^^
    12 │ 1 | 2 |
    13 │ 
  
  i Use consistent pipe style throughout the table.
  
  i Safe fix: Normalize table pipe style.
  
     9  9 │   | X | Y |
    10 10 │   | --- | --- |
    11    │ - X·|·Y·|
       11 │ + |·X·|·Y·|
    12 12 │   1 | 2 |
    13 13 │   
  

```

```
invalid.md:12:1 lint/style/useConsistentTablePipeStyle  FIXABLE  ━━━━━━━━━━━━━━━━━━━━━━━━━━━━━━━━━━━

  ! Missing leading or trailing pipe in table row.
  
    10 │ | --- | --- |
    11 │ X | Y |
  > 12 │ 1 | 2 |
       │ ^^^^^^^
    13 │ 
    14 │ # Three columns missing leading
  
  i Use consistent pipe style throughout the table.
  
  i Safe fix: Normalize table pipe style.
  
    10 10 │   | --- | --- |
    11 11 │   X | Y |
    12    │ - 1·|·2·|
       12 │ + |·1·|·2·|
    13 13 │   
    14 14 │   # Three columns missing leading
  

```
