---
source: crates/biome_cli/tests/snap_test.rs
expression: redactor(content)
---
## `biome.json`

```json
{
  "linter": {
    "enabled": true,
    "rules": {
      "correctness": {
        "foo_rule": "off"
      },
      "style": {
        "what_the_hell": "off"
      }
    }
  }
}
```

# Termination Message

```block
configuration ━━━━━━━━━━━━━━━━━━━━━━━━━━━━━━━━━━━━━━━━━━━━━━━━━━━━━━━━━━━━━━━━━━━━━━━━━━━━━━━━━━━━━━

  × Biome exited because the configuration resulted in errors. Please fix them.
  


```

# Emitted Messages

```block
biome.json:6:13 deserialize ━━━━━━━━━━━━━━━━━━━━━━━━━━━━━━━━━━━━━━━━━━━━━━━━━━━━━━━━━━━━━━━━━━━━━━━━

  × Found an unknown key `foo_rule`.
  
    4 │     "rules": {
    5 │         "correctness": {
  > 6 │             "foo_rule": "off"
      │             ^^^^^^^^^^
    7 │         },
    8 │         "style": {
  
  i Known keys:
  
  - recommended
  - noBlockquoteBrokenContinuation
  - noChildrenProp
  - noConstAssign
  - noConstantCondition
  - noConstantMathMinMaxClamp
  - noConstructorReturn
  - noDirectiveDuplicateAttribute
  - noDuplicateDefinitions
  - noEmptyCharacterClassInRegex
  - noEmptyLinks
  - noEmptyPattern
  - noGlobalDirnameFilename
  - noGlobalObjectCalls
  - noHeadingLikeParagraph
  - noHiddenTableCell
  - noInnerDeclarations
  - noInvalidBuiltinInstantiation
  - noInvalidConstructorSuper
  - noInvalidDirectionInLinearGradient
  - noInvalidGridAreas
  - noInvalidLinkFragments
  - noInvalidPositionAtImportRule
  - noInvalidUseBeforeDeclaration
  - noMdxJsxDuplicateAttribute
  - noMdxJsxVoidChildren
  - noMismatchedTableColumnCount
  - noMissingSpaceAtxHeading
  - noMissingSpaceClosedAtxHeading
  - noMissingVarFunction
  - noNestedComponentDefinitions
  - noNodejsModules
  - noNonoctalDecimalEscape
  - noPrecisionLoss
  - noPrivateImports
  - noProcessGlobal
  - noQwikUseVisibleTask
  - noReactPropAssignments
  - noRenderReturnValue
  - noRestrictedElements
  - noReversedLinks
  - noSelfAssign
  - noSetterReturn
  - noSolidDestructuredProps
  - noSpaceInEmphasis
  - noStringCaseMismatch
  - noSwitchDeclarations
  - noUndeclaredDependencies
  - noUndeclaredVariables
  - noUndefinedReferences
  - noUnknownFunction
  - noUnknownMediaFeatureName
  - noUnknownProperty
  - noUnknownPseudoClass
  - noUnknownPseudoElement
  - noUnknownTypeSelector
  - noUnknownUnit
  - noUnmatchableAnbSelector
  - noUnreachable
  - noUnreachableSuper
  - noUnsafeFinally
  - noUnsafeOptionalChaining
  - noUnusedDefinitions
  - noUnusedFunctionParameters
  - noUnusedImports
  - noUnusedLabels
  - noUnusedPrivateClassMembers
  - noUnusedVariables
  - noVoidElementsWithChildren
  - noVoidTypeReturn
  - useExhaustiveDependencies
  - useGraphqlNamedOperations
  - useHeadingIncrement
  - useHookAtTopLevel
  - useImageSize
  - useImportExtensions
  - useIsNan
  - useJsonImportAttributes
  - useJsxKeyInIterable
  - useParseIntRadix
  - useQwikClasslist
  - useSingleJsDocAsterisk
  - useUniqueElementIds
  - useValidForDirection
  - useValidTypeof
  - useYield
  

```

```block
biome.json:9:13 deserialize ━━━━━━━━━━━━━━━━━━━━━━━━━━━━━━━━━━━━━━━━━━━━━━━━━━━━━━━━━━━━━━━━━━━━━━━━

  × Found an unknown key `what_the_hell`.
  
     7 │         },
     8 │         "style": {
   > 9 │             "what_the_hell": "off"
       │             ^^^^^^^^^^^^^^^
    10 │         }
    11 │     }
  
  i Known keys:
  
  - recommended
  - noBareUrls
  - noCheckboxCharacterStyleMismatch
  - noCheckboxContentIndent
  - noCommonJs
  - noConsecutiveBlankLines
  - noDefaultExport
  - noDefinitionSpacingIssues
  - noDescendingSpecificity
  - noDoneCallback
  - noEnum
  - noExportedImports
  - noFileNameArticles
  - noFileNameConsecutiveDashes
  - noFileNameIrregularCharacters
  - noFileNameMixedCase
  - noFileNameOuterDashes
  - noHardTabs
  - noHeadElement
  - noHeadingContentIndent
  - noHeadingIndent
  - noHeadingTrailingPunctuation
  - noImplicitBoolean
  - noInferrableTypes
  - noInlineHtml
  - noListItemBulletIndent
  - noLongHeadings
  - noLongLines
  - noMagicNumbers
  - noMissingLanguage
  - noMultipleSpaceAtxHeading
  - noMultipleSpaceClosedAtxHeading
  - noNamespace
  - noNegationElse
  - noNestedTernary
  - noNonNullAssertion
  - noParagraphContentIndent
  - noParameterAssign
  - noParameterProperties
  - noProcessEnv
  - noRestrictedGlobals
  - noRestrictedImports
  - noRestrictedTypes
  - noShellDollarPrompt
  - noShortcutReferenceImage
  - noShortcutReferenceLink
  - noShoutyConstants
  - noSpaceInCode
  - noSpaceInLinks
  - noSubstr
  - noTableIndentation
  - noTrailingHardBreakSpaces
  - noUnneededFullReferenceImage
  - noUnneededFullReferenceLink
  - noUnusedTemplateLiteral
  - noUselessElse
  - noValueAtRule
  - noYodaExpression
  - useArrayLiterals
  - useAsConstAssertion
  - useAtIndex
  - useBlanksAroundCodeFences
  - useBlanksAroundHeadings
  - useBlanksAroundLists
  - useBlanksAroundTables
  - useBlanksBeforeBlockContent
  - useBlockStatements
  - useCollapsedElseIf
  - useCollapsedIf
  - useComponentExportOnlyModules
  - useConsistentArrayType
  - useConsistentBlockquoteIndent
  - useConsistentBuiltinInstantiation
  - useConsistentCodeBlockStyle
  - useConsistentCodeFenceMarker
  - useConsistentCurlyBraces
  - useConsistentDirectiveQuoteStyle
  - useConsistentEmphasisMarker
  - useConsistentHeadingStyle
  - useConsistentHorizontalRuleStyle
  - useConsistentLinebreakStyle
  - useConsistentLinkStyle
  - useConsistentLinkTitleStyle
  - useConsistentListIndent
  - useConsistentListItemContentIndent
  - useConsistentListItemIndent
  - useConsistentListItemSpacing
  - useConsistentMdxJsxQuoteStyle
  - useConsistentMediaStyle
  - useConsistentMemberAccessibility
  - useConsistentObjectDefinitions
  - useConsistentOrderedListMarker
  - useConsistentOrderedListMarkerValue
  - useConsistentStrikethroughMarker
  - useConsistentStrongMarker
  - useConsistentTableCellPadding
  - useConsistentTablePipeAlignment
  - useConsistentTablePipeStyle
  - useConsistentTypeDefinitions
  - useConsistentUnorderedListIndent
  - useConsistentUnorderedListMarker
  - useConst
  - useDefaultParameterLast
  - useDefaultSwitchClause
  - useDefinitionsAtEnd
  - useDeprecatedReason
  - useDirectiveCollapsedAttribute
  - useDirectiveShortcutAttribute
  - useEnumInitializers
  - useExplicitLengthCheck
  - useExponentiationOperator
  - useExportType
  - useExportsLast
  - useFileExtension
  - useFilenamingConvention
  - useFinalNewline
  - useFirstLineHeading
  - useForOf
  - useFragmentSyntax
  - useGraphqlNamingConvention
  - useGroupedAccessorPairs
  - useImportType
  - useLiteralEnumMembers
  - useLowercaseDefinitionLabels
  - useMdxJsxSelfClosing
  - useMdxJsxShorthandAttribute
  - useNamingConvention
  - useNodeAssertStrict
  - useNodejsImportProtocol
  - useNumberNamespace
  - useNumericSeparators
  - useObjectSpread
  - useProperNames
  - useReactFunctionComponents
  - useReadonlyClassProperties
  - useRequiredHeadings
  - useSelfClosingElements
  - useShorthandAssign
  - useShorthandFunctionType
  - useSingleVarDeclarator
  - useSortedDefinitions
  - useSortedDirectiveAttributes
  - useSortedMdxJsxAttributes
  - useSymbolDescription
  - useTemplate
  - useThrowNewError
  - useThrowOnlyError
  - useTrimStartEnd
  - useUnifiedTypeSignatures
  

```
