---
source: crates/biome_markdown_analyze/tests/spec_tests.rs
expression: invalid.md
---
# Input
```md
# Hello

See [details](#nonexistent) here.

```

# Diagnostics
```
invalid.md:3:5 lint/nursery/noInvalidLinkFragments ━━━━━━━━━━━━━━━━━━━━━━━━━━━━━━━━━━━━━━━━━━━━━━━━━

  × Link fragment "#nonexistent" does not match any heading in the document.
  
    1 │ # Hello
    2 │ 
  > 3 │ See [details](#nonexistent) here.
      │     ^^^^^^^^^^^^^^^^^^^^^^^
    4 │ 
  
  i Check that the fragment matches a heading slug in this document.
  
  i This rule belongs to the nursery group, which means it is not yet stable and may change in the future. Visit https://biomejs.dev/linter/#nursery for more information.
  

```
