---
source: crates/biome_yaml_analyze/tests/spec_tests.rs
expression: valid.yaml
---
# Input
```yaml
# should not generate diagnostics
# Basic anchor/alias
first: &anchor value1
second: *anchor

# Flow context
flow_anchor: &flow_ref {key: value}
flow_alias: *flow_ref

# Multiple aliases to same anchor
base: &shared common
ref1: *shared
ref2: *shared

# Alias in sequence
defaults: &seq_anchor
  - item1
  - item2
items: *seq_anchor

# Nested anchor/alias
outer:
  inner: &nested_val deep_value
  ref: *nested_val

```
