---
source: crates/biome_markdown_analyze/tests/spec_tests.rs
expression: invalid.md
---
# Input
```md
# Inconsistent media style

![inline image](image.png)

![ref image][img]

[img]: other.png

```

# Diagnostics
```
invalid.md:5:1 lint/style/useConsistentMediaStyle  FIXABLE  ━━━━━━━━━━━━━━━━━━━━━━━━━━━━━━━━━━━━━━━━

  ! Expected inline image style but found reference.
  
    3 │ ![inline image](image.png)
    4 │ 
  > 5 │ ![ref image][img]
      │ ^^^^^^^^^^^^^^^^^
    6 │ 
    7 │ [img]: other.png
  
  i Use a consistent image style throughout the document.
  
  i Unsafe fix: Convert to inline image style.
  
    3 3 │   ![inline image](image.png)
    4 4 │   
    5   │ - ![ref·image][img]
      5 │ + ![ref·image](other.png)
    6 6 │   
    7 7 │   [img]: other.png
  

```
