---
source: crates/biome_markdown_analyze/tests/spec_tests.rs
expression: invalid.md
---
# Input
```md
:::note{class="warning"}
Content
:::

```

# Diagnostics
```
invalid.md:1:9 lint/nursery/useDirectiveCollapsedAttribute ━━━━━━━━━━━━━━━━━━━━━━━━━━━━━━━━━━━━━━━━━

  ! Use collapsed class shorthand instead of class="warning".
  
  > 1 │ :::note{class="warning"}
      │         ^^^^^^^^^^^^^^^
    2 │ Content
    3 │ :::
  
  i Use the shorthand form: .warning instead.
  
  i This rule belongs to the nursery group, which means it is not yet stable and may change in the future. Visit https://biomejs.dev/linter/#nursery for more information.
  

```
